Archive member included because of file (symbol)

c:/program files (x86)/gnu tools arm embedded/4.9 2015q3/bin/../lib/gcc/arm-none-eabi/4.9.3/../../../../arm-none-eabi/lib/armv7e-m\libc.a(lib_a-sprintf.o)
                              ..\obj\CAPA_ENLACE.o (sprintf)
c:/program files (x86)/gnu tools arm embedded/4.9 2015q3/bin/../lib/gcc/arm-none-eabi/4.9.3/../../../../arm-none-eabi/lib/armv7e-m\libc.a(lib_a-strlen.o)
                              ..\obj\consola.o (strlen)
c:/program files (x86)/gnu tools arm embedded/4.9 2015q3/bin/../lib/gcc/arm-none-eabi/4.9.3/../../../../arm-none-eabi/lib/armv7e-m\libc.a(lib_a-svfprintf.o)
                              c:/program files (x86)/gnu tools arm embedded/4.9 2015q3/bin/../lib/gcc/arm-none-eabi/4.9.3/../../../../arm-none-eabi/lib/armv7e-m\libc.a(lib_a-sprintf.o) (_svfprintf_r)
c:/program files (x86)/gnu tools arm embedded/4.9 2015q3/bin/../lib/gcc/arm-none-eabi/4.9.3/../../../../arm-none-eabi/lib/armv7e-m\libc.a(lib_a-dtoa.o)
                              c:/program files (x86)/gnu tools arm embedded/4.9 2015q3/bin/../lib/gcc/arm-none-eabi/4.9.3/../../../../arm-none-eabi/lib/armv7e-m\libc.a(lib_a-svfprintf.o) (_dtoa_r)
c:/program files (x86)/gnu tools arm embedded/4.9 2015q3/bin/../lib/gcc/arm-none-eabi/4.9.3/../../../../arm-none-eabi/lib/armv7e-m\libc.a(lib_a-impure.o)
                              c:/program files (x86)/gnu tools arm embedded/4.9 2015q3/bin/../lib/gcc/arm-none-eabi/4.9.3/../../../../arm-none-eabi/lib/armv7e-m\libc.a(lib_a-sprintf.o) (_impure_ptr)
c:/program files (x86)/gnu tools arm embedded/4.9 2015q3/bin/../lib/gcc/arm-none-eabi/4.9.3/../../../../arm-none-eabi/lib/armv7e-m\libc.a(lib_a-locale.o)
                              c:/program files (x86)/gnu tools arm embedded/4.9 2015q3/bin/../lib/gcc/arm-none-eabi/4.9.3/../../../../arm-none-eabi/lib/armv7e-m\libc.a(lib_a-svfprintf.o) (_localeconv_r)
c:/program files (x86)/gnu tools arm embedded/4.9 2015q3/bin/../lib/gcc/arm-none-eabi/4.9.3/../../../../arm-none-eabi/lib/armv7e-m\libc.a(lib_a-mallocr.o)
                              c:/program files (x86)/gnu tools arm embedded/4.9 2015q3/bin/../lib/gcc/arm-none-eabi/4.9.3/../../../../arm-none-eabi/lib/armv7e-m\libc.a(lib_a-svfprintf.o) (_malloc_r)
c:/program files (x86)/gnu tools arm embedded/4.9 2015q3/bin/../lib/gcc/arm-none-eabi/4.9.3/../../../../arm-none-eabi/lib/armv7e-m\libc.a(lib_a-memchr.o)
                              c:/program files (x86)/gnu tools arm embedded/4.9 2015q3/bin/../lib/gcc/arm-none-eabi/4.9.3/../../../../arm-none-eabi/lib/armv7e-m\libc.a(lib_a-svfprintf.o) (memchr)
c:/program files (x86)/gnu tools arm embedded/4.9 2015q3/bin/../lib/gcc/arm-none-eabi/4.9.3/../../../../arm-none-eabi/lib/armv7e-m\libc.a(lib_a-memcpy.o)
                              c:/program files (x86)/gnu tools arm embedded/4.9 2015q3/bin/../lib/gcc/arm-none-eabi/4.9.3/../../../../arm-none-eabi/lib/armv7e-m\libc.a(lib_a-dtoa.o) (memcpy)
c:/program files (x86)/gnu tools arm embedded/4.9 2015q3/bin/../lib/gcc/arm-none-eabi/4.9.3/../../../../arm-none-eabi/lib/armv7e-m\libc.a(lib_a-mlock.o)
                              c:/program files (x86)/gnu tools arm embedded/4.9 2015q3/bin/../lib/gcc/arm-none-eabi/4.9.3/../../../../arm-none-eabi/lib/armv7e-m\libc.a(lib_a-mallocr.o) (__malloc_lock)
c:/program files (x86)/gnu tools arm embedded/4.9 2015q3/bin/../lib/gcc/arm-none-eabi/4.9.3/../../../../arm-none-eabi/lib/armv7e-m\libc.a(lib_a-mprec.o)
                              c:/program files (x86)/gnu tools arm embedded/4.9 2015q3/bin/../lib/gcc/arm-none-eabi/4.9.3/../../../../arm-none-eabi/lib/armv7e-m\libc.a(lib_a-dtoa.o) (_Balloc)
c:/program files (x86)/gnu tools arm embedded/4.9 2015q3/bin/../lib/gcc/arm-none-eabi/4.9.3/../../../../arm-none-eabi/lib/armv7e-m\libc.a(lib_a-s_fpclassify.o)
                              c:/program files (x86)/gnu tools arm embedded/4.9 2015q3/bin/../lib/gcc/arm-none-eabi/4.9.3/../../../../arm-none-eabi/lib/armv7e-m\libc.a(lib_a-svfprintf.o) (__fpclassifyd)
c:/program files (x86)/gnu tools arm embedded/4.9 2015q3/bin/../lib/gcc/arm-none-eabi/4.9.3/../../../../arm-none-eabi/lib/armv7e-m\libc.a(lib_a-sbrkr.o)
                              c:/program files (x86)/gnu tools arm embedded/4.9 2015q3/bin/../lib/gcc/arm-none-eabi/4.9.3/../../../../arm-none-eabi/lib/armv7e-m\libc.a(lib_a-mallocr.o) (_sbrk_r)
c:/program files (x86)/gnu tools arm embedded/4.9 2015q3/bin/../lib/gcc/arm-none-eabi/4.9.3/../../../../arm-none-eabi/lib/armv7e-m\libc.a(lib_a-strcmp.o)
                              c:/program files (x86)/gnu tools arm embedded/4.9 2015q3/bin/../lib/gcc/arm-none-eabi/4.9.3/../../../../arm-none-eabi/lib/armv7e-m\libc.a(lib_a-locale.o) (strcmp)
c:/program files (x86)/gnu tools arm embedded/4.9 2015q3/bin/../lib/gcc/arm-none-eabi/4.9.3/../../../../arm-none-eabi/lib/armv7e-m\libc.a(lib_a-svfiprintf.o)
[...]
Memory Configuration

Name             Origin             Length             Attributes
rom              0x08000000         0x00100000         xr
ram              0x20000000         0x00020000         xrw
ram1             0x10000000         0x00010000         xrw
*default*        0x00000000         0xffffffff

Linker script and memory map

                0x20020000                _eram = 0x20020000

.text           0x08000000     0x81d8
 *(.isr_vector)
 .isr_vector    0x08000000      0x188 ..\obj\startup_stm32f4xx.o
                0x08000000                g_pfnVectors
 *(.text*)
 .text.SYSCFG_EXTILineConfig
                0x08000188       0x84 ..\obj\stm32f4xx_syscfg.o
                0x08000188                SYSCFG_EXTILineConfig
 .text.SYSCFG_CompensationCellCmd
                0x0800020c       0x20 ..\obj\stm32f4xx_syscfg.o
                0x0800020c                SYSCFG_CompensationCellCmd
 .text.CAPA_ENLACE_Init
                0x0800022c       0x80 ..\obj\CAPA_ENLACE.o
                0x0800022c                CAPA_ENLACE_Init
 .text.ACK      0x080002ac       0x2c ..\obj\CAPA_ENLACE.o
                0x080002ac                ACK
 .text.ACK_STOP
                0x080002d8       0x4c ..\obj\CAPA_ENLACE.o
                0x080002d8                ACK_STOP
 .text.EFD      0x08000324       0x28 ..\obj\CAPA_ENLACE.o
                0x08000324                EFD
 .text.EF_DISABLE_DCL_INPUT
                0x0800034c       0x24 ..\obj\CAPA_ENLACE.o
                0x0800034c                EF_DISABLE_DCL_INPUT
 .text.EF_DISABLE_DCL_OUTPUT
                0x08000370       0x24 ..\obj\CAPA_ENLACE.o
                0x08000370                EF_DISABLE_DCL_OUTPUT
 .text.EF_STATREQ_DCL_INPUT
                0x08000394       0x24 ..\obj\CAPA_ENLACE.o
                0x08000394                EF_STATREQ_DCL_INPUT
 .text.EF_STATREQ_DCL_OUTPUT
                0x080003b8       0x24 ..\obj\CAPA_ENLACE.o
                0x080003b8                EF_STATREQ_DCL_OUTPUT
 .text.EF_INPUT
                0x080003dc       0x24 ..\obj\CAPA_ENLACE.o
                0x080003dc                EF_INPUT
 .text.EF_OUTPUT
                0x08000400       0x24 ..\obj\CAPA_ENLACE.o
                0x08000400                EF_OUTPUT
 .text.resetear_ICI
                0x08000424       0x20 ..\obj\CAPA_ENLACE.o
                0x08000424                resetear_ICI
 .text.EXTI0_IRQHandler
                0x08000444       0x3c ..\obj\CAPA_ENLACE.o
                0x08000444                EXTI0_IRQHandler
 .text.EXTI1_IRQHandler
                0x08000480       0xec ..\obj\CAPA_ENLACE.o
                0x08000480                EXTI1_IRQHandler
 .text.EXTI2_IRQHandler
                0x0800056c      0x140 ..\obj\CAPA_ENLACE.o
                0x0800056c                EXTI2_IRQHandler
 .text.EXTI3_IRQHandler
                0x080006ac       0xec ..\obj\CAPA_ENLACE.o
                0x080006ac                EXTI3_IRQHandler
 .text.USART_Init
                0x08000798      0x178 ..\obj\stm32f4xx_usart.o
                0x08000798                USART_Init
 .text.USART_Cmd
                0x08000910       0x40 ..\obj\stm32f4xx_usart.o
                0x08000910                USART_Cmd
 .text.USART_DMACmd
                0x08000950       0x48 ..\obj\stm32f4xx_usart.o
                0x08000950                USART_DMACmd
 .text.USART_GetFlagStatus
                0x08000998       0x38 ..\obj\stm32f4xx_usart.o
                0x08000998                USART_GetFlagStatus
 .text.USART_ClearFlag
                0x080009d0       0x20 ..\obj\stm32f4xx_usart.o
                0x080009d0                USART_ClearFlag
 .text.retardo_250ns
                0x080009f0       0x3c ..\obj\tiempo.o
                0x080009f0                retardo_250ns
 .text.retardo_1us
                0x08000a2c       0x18 ..\obj\tiempo.o
                0x08000a2c                retardo_1us
 .text.retardo_50ns
                0x08000a44       0x10 ..\obj\tiempo.o
                0x08000a44                retardo_50ns
 .text.retardo_us
                0x08000a54       0x28 ..\obj\tiempo.o
                0x08000a54                retardo_us
 .text.configurar_timeOut_FSM_500
                0x08000a7c       0x70 ..\obj\temporizado.o
                0x08000a7c                configurar_timeOut_FSM_500
 .text.iniciar_timeOut_FSM_500
                0x08000aec       0x14 ..\obj\temporizado.o
                0x08000aec                iniciar_timeOut_FSM_500
 .text.reiniciar_timeOut_FSM_500
                0x08000b00       0x1c ..\obj\temporizado.o
                0x08000b00                reiniciar_timeOut_FSM_500
 .text.parar_timeOut_FSM_500
                0x08000b1c       0x14 ..\obj\temporizado.o
                0x08000b1c                parar_timeOut_FSM_500
 .text.TIM5_IRQHandler
                0x08000b30       0x24 ..\obj\temporizado.o
                0x08000b30                TIM5_IRQHandler
 .text.Default_Reset_Handler
                0x08000b54       0x58 ..\obj\startup_stm32f4xx.o
                0x08000b54                Default_Reset_Handler
                0x08000b54                Reset_Handler
 .text.Default_Handler
                0x08000bac        0x8 ..\obj\startup_stm32f4xx.o
                0x08000bac                RTC_Alarm_IRQHandler
                0x08000bac                HASH_RNG_IRQHandler
                0x08000bac                TIM8_CC_IRQHandler
                0x08000bac                DebugMon_Handler
                0x08000bac                TIM1_CC_IRQHandler
                0x08000bac                DMA2_Stream5_IRQHandler
                0x08000bac                HardFault_Handler
                0x08000bac                DMA1_Stream5_IRQHandler
                0x08000bac                SysTick_Handler
                0x08000bac                PVD_IRQHandler
                0x08000bac                SDIO_IRQHandler
                0x08000bac                TAMP_STAMP_IRQHandler
                0x08000bac                PendSV_Handler
                0x08000bac                NMI_Handler
                0x08000bac                CAN2_RX1_IRQHandler
                0x08000bac                TIM8_TRG_COM_TIM14_IRQHandler
                0x08000bac                TIM1_UP_TIM10_IRQHandler
                0x08000bac                TIM8_UP_TIM13_IRQHandler
                0x08000bac                I2C3_ER_IRQHandler
                0x08000bac                I2C2_EV_IRQHandler
                0x08000bac                CAN1_RX0_IRQHandler
                0x08000bac                FPU_IRQHandler
                0x08000bac                OTG_HS_WKUP_IRQHandler
                0x08000bac                UsageFault_Handler
                0x08000bac                CAN2_SCE_IRQHandler
                0x08000bac                DMA2_Stream2_IRQHandler
                0x08000bac                SPI1_IRQHandler
                0x08000bac                TIM1_BRK_TIM9_IRQHandler
                0x08000bac                DCMI_IRQHandler
                0x08000bac                CAN2_RX0_IRQHandler
                0x08000bac                DMA2_Stream3_IRQHandler
                0x08000bac                USART6_IRQHandler
                0x08000bac                USART3_IRQHandler
                0x08000bac                CRYP_IRQHandler
                0x08000bac                CAN1_RX1_IRQHandler
                0x08000bac                UART5_IRQHandler
                0x08000bac                DMA2_Stream0_IRQHandler
                0x08000bac                TIM4_IRQHandler
                0x08000bac                I2C1_EV_IRQHandler
                0x08000bac                DMA1_Stream6_IRQHandler
                0x08000bac                DMA1_Stream1_IRQHandler
                0x08000bac                UART4_IRQHandler
                0x08000bac                TIM3_IRQHandler
                0x08000bac                RCC_IRQHandler
                0x08000bac                TIM8_BRK_TIM12_IRQHandler
                0x08000bac                EXTI15_10_IRQHandler
                0x08000bac                ADC_IRQHandler
                0x08000bac                DMA1_Stream7_IRQHandler
                0x08000bac                CAN2_TX_IRQHandler
                0x08000bac                DMA2_Stream7_IRQHandler
                0x08000bac                I2C3_EV_IRQHandler
                0x08000bac                EXTI9_5_IRQHandler
                0x08000bac                RTC_WKUP_IRQHandler
                0x08000bac                ETH_WKUP_IRQHandler
                0x08000bac                SPI2_IRQHandler
                0x08000bac                OTG_HS_EP1_IN_IRQHandler
                0x08000bac                MemManage_Handler
                0x08000bac                DMA1_Stream0_IRQHandler
                0x08000bac                CAN1_TX_IRQHandler
                0x08000bac                SVC_Handler
                0x08000bac                EXTI4_IRQHandler
                0x08000bac                FSMC_IRQHandler
                0x08000bac                ETH_IRQHandler
                0x08000bac                OTG_HS_EP1_OUT_IRQHandler
                0x08000bac                WWDG_IRQHandler
                0x08000bac                TIM2_IRQHandler
                0x08000bac                OTG_FS_WKUP_IRQHandler
                0x08000bac                TIM1_TRG_COM_TIM11_IRQHandler
                0x08000bac                OTG_HS_IRQHandler
                0x08000bac                USART2_IRQHandler
                0x08000bac                I2C2_ER_IRQHandler
                0x08000bac                DMA2_Stream1_IRQHandler
                0x08000bac                CAN1_SCE_IRQHandler
                0x08000bac                FLASH_IRQHandler
                0x08000bac                DMA2_Stream4_IRQHandler
                0x08000bac                BusFault_Handler
                0x08000bac                USART1_IRQHandler
                0x08000bac                OTG_FS_IRQHandler
                0x08000bac                SPI3_IRQHandler
                0x08000bac                DMA1_Stream4_IRQHandler
                0x08000bac                I2C1_ER_IRQHandler
                0x08000bac                DMA2_Stream6_IRQHandler
                0x08000bac                DMA1_Stream3_IRQHandler
 .text.app_sonar_init
                0x08000bb4       0x8c ..\obj\app_sonar.o
                0x08000bb4                app_sonar_init
 .text.leerDatosICI
                0x08000c40      0x128 ..\obj\app_sonar.o
                0x08000c40                leerDatosICI
 .text.escribirDatosICI
                0x08000d68      0x144 ..\obj\app_sonar.o
                0x08000d68                escribirDatosICI
 .text.verificarEstadoInput
                0x08000eac       0x28 ..\obj\app_sonar.o
                0x08000eac                verificarEstadoInput
 .text.verificarEstadoOutput
                0x08000ed4       0x28 ..\obj\app_sonar.o
                0x08000ed4                verificarEstadoOutput
 .text.protocoloEmergenciaInput
                0x08000efc        0xc ..\obj\app_sonar.o
                0x08000efc                protocoloEmergenciaInput
 .text.protocoloEmergenciaOutput
                0x08000f08        0xc ..\obj\app_sonar.o
                0x08000f08                protocoloEmergenciaOutput
 .text.protocoloErrorTransporteInput
                0x08000f14        0xc ..\obj\app_sonar.o
                0x08000f14                protocoloErrorTransporteInput
 .text.protocoloErrorTransporteOutput
                0x08000f20       0x14 ..\obj\app_sonar.o
                0x08000f20                protocoloErrorTransporteOutput
 .text.verificarSysOnLocal
                0x08000f34       0x14 ..\obj\app_sonar.o
                0x08000f34                verificarSysOnLocal
 .text.verificarSysOnDHC
                0x08000f48       0x14 ..\obj\app_sonar.o
                0x08000f48                verificarSysOnDHC
 .text.FSM_Init
                0x08000f5c       0x18 ..\obj\FSM.o
                0x08000f5c                FSM_Init
 .text.scheduler
                0x08000f74      0x268 ..\obj\FSM.o
                0x08000f74                scheduler
 .text.main     0x080011dc       0x30 ..\obj\main.o
                0x080011dc                main
 .text.RCC_GetClocksFreq
                0x0800120c      0x154 ..\obj\stm32f4xx_rcc.o
                0x0800120c                RCC_GetClocksFreq
 .text.RCC_AHB1PeriphClockCmd
                0x08001360       0x3c ..\obj\stm32f4xx_rcc.o
                0x08001360                RCC_AHB1PeriphClockCmd
 .text.RCC_APB1PeriphClockCmd
                0x0800139c       0x3c ..\obj\stm32f4xx_rcc.o
                0x0800139c                RCC_APB1PeriphClockCmd
 .text.RCC_APB2PeriphClockCmd
                0x080013d8       0x3c ..\obj\stm32f4xx_rcc.o
                0x080013d8                RCC_APB2PeriphClockCmd
 .text.configurar_io
                0x08001414       0x40 ..\obj\io_lib.o
                0x08001414                configurar_io
 .text.configurar_SysOnSonar
                0x08001454       0x38 ..\obj\io_lib.o
                0x08001454                configurar_SysOnSonar
 .text.configurar_SysOnDaisy
                0x0800148c       0x38 ..\obj\io_lib.o
                0x0800148c                configurar_SysOnDaisy
 .text.configurar_LED_Error_PC
                0x080014c4       0x38 ..\obj\io_lib.o
                0x080014c4                configurar_LED_Error_PC
 .text.configurar_LED_Error_ICI_ET
                0x080014fc       0x38 ..\obj\io_lib.o
                0x080014fc                configurar_LED_Error_ICI_ET
 .text.configurar_LED_Error_ICI_TO
                0x08001534       0x38 ..\obj\io_lib.o
                0x08001534                configurar_LED_Error_ICI_TO
 .text.configurar_LED_Error_ICI_Enc_DHC
                0x0800156c       0x38 ..\obj\io_lib.o
                0x0800156c                configurar_LED_Error_ICI_Enc_DHC
 .text.configurar_LED_Error_ICI_Enc_Sonar
                0x080015a4       0x38 ..\obj\io_lib.o
                0x080015a4                configurar_LED_Error_ICI_Enc_Sonar
 .text.configurar_LED_OnLine
                0x080015dc       0x38 ..\obj\io_lib.o
                0x080015dc                configurar_LED_OnLine
 .text.encender_LED_Error_ICI_ET
                0x08001614       0x14 ..\obj\io_lib.o
                0x08001614                encender_LED_Error_ICI_ET
 .text.encender_LED_Error_ICI_TO
                0x08001628       0x14 ..\obj\io_lib.o
                0x08001628                encender_LED_Error_ICI_TO
 .text.apagar_LED_Error_PC
                0x0800163c       0x14 ..\obj\io_lib.o
                0x0800163c                apagar_LED_Error_PC
 .text.apagar_LED_Error_ICI_ET
                0x08001650       0x14 ..\obj\io_lib.o
                0x08001650                apagar_LED_Error_ICI_ET
 .text.apagar_LED_Error_ICI_TO
                0x08001664       0x14 ..\obj\io_lib.o
                0x08001664                apagar_LED_Error_ICI_TO
 .text.apagar_LED_Error_ICI_Enc_DHC
                0x08001678       0x14 ..\obj\io_lib.o
                0x08001678                apagar_LED_Error_ICI_Enc_DHC
 .text.apagar_LED_Error_ICI_Enc_Sonar
                0x0800168c       0x14 ..\obj\io_lib.o
                0x0800168c                apagar_LED_Error_ICI_Enc_Sonar
 .text.apagar_LED_OnLine
                0x080016a0       0x14 ..\obj\io_lib.o
                0x080016a0                apagar_LED_OnLine
 .text.leer_SysOn_Sonar
                0x080016b4       0x20 ..\obj\io_lib.o
                0x080016b4                leer_SysOn_Sonar
 .text.leer_SysOn_DHC
                0x080016d4       0x20 ..\obj\io_lib.o
                0x080016d4                leer_SysOn_DHC
 .text.configurar_timeOut_sonar
                0x080016f4       0x70 ..\obj\timers_app_sonar.o
                0x080016f4                configurar_timeOut_sonar
 .text.iniciar_timeOut_sonar
                0x08001764       0x14 ..\obj\timers_app_sonar.o
                0x08001764                iniciar_timeOut_sonar
 .text.parar_timeOut_sonar
                0x08001778       0x14 ..\obj\timers_app_sonar.o
                0x08001778                parar_timeOut_sonar
 .text.TIM6_DAC_IRQHandler
                0x0800178c       0x28 ..\obj\timers_app_sonar.o
                0x0800178c                TIM6_DAC_IRQHandler
 .text.habilitar_reloj
                0x080017b4       0x10 ..\obj\control_IO.o
                0x080017b4                habilitar_reloj
 .text.deshabilitar_reloj
                0x080017c4       0x10 ..\obj\control_IO.o
                0x080017c4                deshabilitar_reloj
 .text.leer_RQ  0x080017d4       0x20 ..\obj\control_IO.o
                0x080017d4                leer_RQ
 .text.leer_EIP
                0x080017f4       0x20 ..\obj\control_IO.o
                0x080017f4                leer_EIP
 .text.leer_IDRP
                0x08001814       0x20 ..\obj\control_IO.o
                0x08001814                leer_IDRP
 .text.leer_ODRP
                0x08001834       0x20 ..\obj\control_IO.o
                0x08001834                leer_ODRP
 .text.leer_puerto_I
                0x08001854       0x54 ..\obj\control_IO.o
                0x08001854                leer_puerto_I
 .text.leer_puertoDA
                0x080018a8       0xa8 ..\obj\control_IO.o
                0x080018a8                leer_puertoDA
 .text.escribir_puerto_U
                0x08001950       0x70 ..\obj\control_IO.o
                0x08001950                escribir_puerto_U
 .text.poner_salidas_alto
                0x080019c0       0x3c ..\obj\control_IO.o
                0x080019c0                poner_salidas_alto
 .text.negar_24bits
                0x080019fc       0x1c ..\obj\control_IO.o
                0x080019fc                negar_24bits
 .text.configurar_timeOut_PC
                0x08001a18       0x70 ..\obj\timers_PC.o
                0x08001a18                configurar_timeOut_PC
 .text.iniciar_timeOut_PC
                0x08001a88       0x14 ..\obj\timers_PC.o
                0x08001a88                iniciar_timeOut_PC
 .text.parar_timeOut_PC
                0x08001a9c       0x14 ..\obj\timers_PC.o
                0x08001a9c                parar_timeOut_PC
 .text.TIM7_IRQHandler
                0x08001ab0       0x28 ..\obj\timers_PC.o
                0x08001ab0                TIM7_IRQHandler
 .text.UART_PHY_init
                0x08001ad8       0x80 ..\obj\consola_PHY.o
                0x08001ad8                UART_PHY_init
 .text.configurar_UART_TX_pin
                0x08001b58       0x44 ..\obj\consola_PHY.o
                0x08001b58                configurar_UART_TX_pin
 .text.configurar_UART_TX
                0x08001b9c       0x48 ..\obj\consola_PHY.o
                0x08001b9c                configurar_UART_TX
 .text.configurar_UART_TX_DMA
                0x08001be4       0x9c ..\obj\consola_PHY.o
                0x08001be4                configurar_UART_TX_DMA
 .text.enviarDataOutput
                0x08001c80       0x90 ..\obj\consola_PHY.o
                0x08001c80                enviarDataOutput
 .text.configurar_UART_RX_pin
                0x08001d10       0x44 ..\obj\consola_PHY.o
                0x08001d10                configurar_UART_RX_pin
 .text.configurar_UART_RX
                0x08001d54       0x50 ..\obj\consola_PHY.o
                0x08001d54                configurar_UART_RX
 .text.configurar_UART_RX_DMA
                0x08001da4       0xc0 ..\obj\consola_PHY.o
                0x08001da4                configurar_UART_RX_DMA
 .text.leerDataInput
                0x08001e64       0x70 ..\obj\consola_PHY.o
                0x08001e64                leerDataInput
 .text.DMA1_Stream2_IRQHandler
                0x08001ed4       0x34 ..\obj\consola_PHY.o
                0x08001ed4                DMA1_Stream2_IRQHandler
 .text.GPIO_Init
                0x08001f08      0x11c ..\obj\stm32f4xx_gpio.o
                0x08001f08                GPIO_Init
 .text.GPIO_ReadInputDataBit
                0x08002024       0x34 ..\obj\stm32f4xx_gpio.o
                0x08002024                GPIO_ReadInputDataBit
 .text.GPIO_ReadInputData
                0x08002058       0x1c ..\obj\stm32f4xx_gpio.o
                0x08002058                GPIO_ReadInputData
 .text.GPIO_SetBits
                0x08002074       0x1c ..\obj\stm32f4xx_gpio.o
                0x08002074                GPIO_SetBits
 .text.GPIO_ResetBits
                0x08002090       0x1c ..\obj\stm32f4xx_gpio.o
                0x08002090                GPIO_ResetBits
 .text.GPIO_Write
                0x080020ac       0x1c ..\obj\stm32f4xx_gpio.o
                0x080020ac                GPIO_Write
 .text.GPIO_ToggleBits
                0x080020c8       0x24 ..\obj\stm32f4xx_gpio.o
                0x080020c8                GPIO_ToggleBits
 .text.GPIO_PinAFConfig
                0x080020ec       0x90 ..\obj\stm32f4xx_gpio.o
                0x080020ec                GPIO_PinAFConfig
 .text.SystemInit
                0x0800217c       0x58 ..\obj\system_stm32f4xx.o
                0x0800217c                SystemInit
 .text.SystemCoreClockUpdate
                0x080021d4       0xf8 ..\obj\system_stm32f4xx.o
                0x080021d4                SystemCoreClockUpdate
 .text.SetSysClock
                0x080022cc       0xf4 ..\obj\system_stm32f4xx.o
 .text._sbrk    0x080023c0       0x40 ..\obj\syscalls.o
                0x080023c0                _sbrk
 .text.DMA_DeInit
                0x08002400      0x1a4 ..\obj\stm32f4xx_dma.o
                0x08002400                DMA_DeInit
 .text.DMA_Init
                0x080025a4       0xac ..\obj\stm32f4xx_dma.o
                0x080025a4                DMA_Init
 .text.DMA_Cmd  0x08002650       0x38 ..\obj\stm32f4xx_dma.o
                0x08002650                DMA_Cmd
 .text.DMA_ClearFlag
                0x08002688       0x5c ..\obj\stm32f4xx_dma.o
                0x08002688                DMA_ClearFlag
 .text.DMA_ITConfig
                0x080026e4       0x74 ..\obj\stm32f4xx_dma.o
                0x080026e4                DMA_ITConfig
 .text.inicializarMensajes
                0x08002758       0xb0 ..\obj\mensajes.o
                0x08002758                inicializarMensajes
 .text.mensajeInicialICIOutput
                0x08002808       0x54 ..\obj\mensajes.o
                0x08002808                mensajeInicialICIOutput
 .text.traduccion_PC_a_ICI
                0x0800285c      0x1d4 ..\obj\mensajes.o
                0x0800285c                traduccion_PC_a_ICI
 .text.inicializar_consola
                0x08002a30       0x14 ..\obj\consola.o
                0x08002a30                inicializar_consola
 .text.VCP_send_str
                0x08002a44       0x20 ..\obj\consola.o
                0x08002a44                VCP_send_str
 .text.leerDatosPC
                0x08002a64       0xd4 ..\obj\consola.o
                0x08002a64                leerDatosPC
 .text.escribirDatosPC
                0x08002b38       0x18 ..\obj\consola.o
                0x08002b38                escribirDatosPC
 .text.protocoloEmergenciaPCInput
                0x08002b50       0x10 ..\obj\consola.o
                0x08002b50                protocoloEmergenciaPCInput
 .text.CAPA_FISICA_Init
                0x08002b60       0x88 ..\obj\configuracion_IO.o
                0x08002b60                CAPA_FISICA_Init
 .text.encender_puertos
                0x08002be8       0x38 ..\obj\configuracion_IO.o
                0x08002be8                encender_puertos
 .text.configurar_puerto_U
                0x08002c20       0x60 ..\obj\configuracion_IO.o
                0x08002c20                configurar_puerto_U
 .text.configurar_puerto_I
                0x08002c80       0x64 ..\obj\configuracion_IO.o
                0x08002c80                configurar_puerto_I
 .text.configurar_DA
                0x08002ce4       0x64 ..\obj\configuracion_IO.o
                0x08002ce4                configurar_DA
 .text.configurarRQ
                0x08002d48       0x34 ..\obj\configuracion_IO.o
                0x08002d48                configurarRQ
 .text.configurarRQ_INT
                0x08002d7c       0x54 ..\obj\configuracion_IO.o
                0x08002d7c                configurarRQ_INT
 .text.configurarEIP
                0x08002dd0       0x34 ..\obj\configuracion_IO.o
                0x08002dd0                configurarEIP
 .text.configurarEIP_INT
                0x08002e04       0x54 ..\obj\configuracion_IO.o
                0x08002e04                configurarEIP_INT
 .text.configurarIDRP
                0x08002e58       0x34 ..\obj\configuracion_IO.o
                0x08002e58                configurarIDRP
 .text.configurarIDRP_INT
                0x08002e8c       0x54 ..\obj\configuracion_IO.o
                0x08002e8c                configurarIDRP_INT
 .text.configurarODRP
                0x08002ee0       0x34 ..\obj\configuracion_IO.o
                0x08002ee0                configurarODRP
 .text.configurarODRP_INT
                0x08002f14       0x54 ..\obj\configuracion_IO.o
                0x08002f14                configurarODRP_INT
 .text.configurarRESD
                0x08002f68       0x34 ..\obj\configuracion_IO.o
                0x08002f68                configurarRESD
 .text.configurarEFD
                0x08002f9c       0x34 ..\obj\configuracion_IO.o
                0x08002f9c                configurarEFD
 .text.configurarEN
                0x08002fd0       0x38 ..\obj\configuracion_IO.o
                0x08002fd0                configurarEN
 .text.configurarSTOP
                0x08003008       0x38 ..\obj\configuracion_IO.o
                0x08003008                configurarSTOP
 .text.configurarACK
                0x08003040       0x38 ..\obj\configuracion_IO.o
                0x08003040                configurarACK
 .text.configurarCLOCK
                0x08003078       0xb0 ..\obj\configuracion_IO.o
                0x08003078                configurarCLOCK
 .text.EXTI_Init
                0x08003128       0xe4 ..\obj\stm32f4xx_exti.o
                0x08003128                EXTI_Init
 .text.EXTI_ClearFlag
                0x0800320c       0x1c ..\obj\stm32f4xx_exti.o
                0x0800320c                EXTI_ClearFlag
 .text.EXTI_ClearITPendingBit
                0x08003228       0x1c ..\obj\stm32f4xx_exti.o
                0x08003228                EXTI_ClearITPendingBit
 .text.NVIC_PriorityGroupConfig
                0x08003244       0x24 ..\obj\misc.o
                0x08003244                NVIC_PriorityGroupConfig
 .text.NVIC_Init
                0x08003268       0xc0 ..\obj\misc.o
                0x08003268                NVIC_Init
 .text.TIM_TimeBaseInit
                0x08003328       0xd4 ..\obj\stm32f4xx_tim.o
                0x08003328                TIM_TimeBaseInit
 .text.TIM_SetCounter
                0x080033fc       0x1c ..\obj\stm32f4xx_tim.o
                0x080033fc                TIM_SetCounter
 .text.TIM_Cmd  0x08003418       0x40 ..\obj\stm32f4xx_tim.o
                0x08003418                TIM_Cmd
 .text.TIM_OC2Init
                0x08003458      0x110 ..\obj\stm32f4xx_tim.o
                0x08003458                TIM_OC2Init
 .text.TIM_CtrlPWMOutputs
                0x08003568       0x4c ..\obj\stm32f4xx_tim.o
                0x08003568                TIM_CtrlPWMOutputs
 .text.TIM_ITConfig
                0x080035b4       0x48 ..\obj\stm32f4xx_tim.o
                0x080035b4                TIM_ITConfig
 .text.TIM_ClearFlag
                0x080035fc       0x20 ..\obj\stm32f4xx_tim.o
                0x080035fc                TIM_ClearFlag
 .text.TIM_ClearITPendingBit
                0x0800361c       0x20 ..\obj\stm32f4xx_tim.o
                0x0800361c                TIM_ClearITPendingBit
 .text.sprintf  0x0800363c       0x4c c:/program files (x86)/gnu tools arm embedded/4.9 2015q3/bin/../lib/gcc/arm-none-eabi/4.9.3/../../../../arm-none-eabi/lib/armv7e-m\libc.a(lib_a-sprintf.o)
                0x0800363c                sprintf
 .text.strlen   0x08003688       0x5c c:/program files (x86)/gnu tools arm embedded/4.9 2015q3/bin/../lib/gcc/arm-none-eabi/4.9.3/../../../../arm-none-eabi/lib/armv7e-m\libc.a(lib_a-strlen.o)
                0x08003688                strlen
 .text._svfprintf_r
                0x080036e4     0x1494 c:/program files (x86)/gnu tools arm embedded/4.9 2015q3/bin/../lib/gcc/arm-none-eabi/4.9.3/../../../../arm-none-eabi/lib/armv7e-m\libc.a(lib_a-svfprintf.o)
                0x080036e4                _svfprintf_r
 .text.quorem   0x08004b78      0x12c c:/program files (x86)/gnu tools arm embedded/4.9 2015q3/bin/../lib/gcc/arm-none-eabi/4.9.3/../../../../arm-none-eabi/lib/armv7e-m\libc.a(lib_a-dtoa.o)
 *fill*         0x08004ca4        0x4 
 .text._dtoa_r  0x08004ca8      0xe94 c:/program files (x86)/gnu tools arm embedded/4.9 2015q3/bin/../lib/gcc/arm-none-eabi/4.9.3/../../../../arm-none-eabi/lib/armv7e-m\libc.a(lib_a-dtoa.o)
                0x08004ca8                _dtoa_r
 .text._localeconv_r
                0x08005b3c        0x8 c:/program files (x86)/gnu tools arm embedded/4.9 2015q3/bin/../lib/gcc/arm-none-eabi/4.9.3/../../../../arm-none-eabi/lib/armv7e-m\libc.a(lib_a-locale.o)
                0x08005b3c                _localeconv_r
 .text._malloc_r
                0x08005b44      0x524 c:/program files (x86)/gnu tools arm embedded/4.9 2015q3/bin/../lib/gcc/arm-none-eabi/4.9.3/../../../../arm-none-eabi/lib/armv7e-m\libc.a(lib_a-mallocr.o)
                0x08005b44                _malloc_r
 .text.memchr   0x08006068       0x94 c:/program files (x86)/gnu tools arm embedded/4.9 2015q3/bin/../lib/gcc/arm-none-eabi/4.9.3/../../../../arm-none-eabi/lib/armv7e-m\libc.a(lib_a-memchr.o)
                0x08006068                memchr
 .text          0x080060fc      0x134 c:/program files (x86)/gnu tools arm embedded/4.9 2015q3/bin/../lib/gcc/arm-none-eabi/4.9.3/../../../../arm-none-eabi/lib/armv7e-m\libc.a(lib_a-memcpy.o)
                0x080060fc                memcpy
 .text.__malloc_lock
                0x08006230        0x4 c:/program files (x86)/gnu tools arm embedded/4.9 2015q3/bin/../lib/gcc/arm-none-eabi/4.9.3/../../../../arm-none-eabi/lib/armv7e-m\libc.a(lib_a-mlock.o)
                0x08006230                __malloc_lock
 .text.__malloc_unlock
                0x08006234        0x4 c:/program files (x86)/gnu tools arm embedded/4.9 2015q3/bin/../lib/gcc/arm-none-eabi/4.9.3/../../../../arm-none-eabi/lib/armv7e-m\libc.a(lib_a-mlock.o)
                0x08006234                __malloc_unlock
 .text._Balloc  0x08006238       0x4c c:/program files (x86)/gnu tools arm embedded/4.9 2015q3/bin/../lib/gcc/arm-none-eabi/4.9.3/../../../../arm-none-eabi/lib/armv7e-m\libc.a(lib_a-mprec.o)
                0x08006238                _Balloc
 .text._Bfree   0x08006284       0x14 c:/program files (x86)/gnu tools arm embedded/4.9 2015q3/bin/../lib/gcc/arm-none-eabi/4.9.3/../../../../arm-none-eabi/lib/armv7e-m\libc.a(lib_a-mprec.o)
                0x08006284                _Bfree
 .text.__multadd
                0x08006298       0x84 c:/program files (x86)/gnu tools arm embedded/4.9 2015q3/bin/../lib/gcc/arm-none-eabi/4.9.3/../../../../arm-none-eabi/lib/armv7e-m\libc.a(lib_a-mprec.o)
                0x08006298                __multadd
 .text.__hi0bits
                0x0800631c       0x40 c:/program files (x86)/gnu tools arm embedded/4.9 2015q3/bin/../lib/gcc/arm-none-eabi/4.9.3/../../../../arm-none-eabi/lib/armv7e-m\libc.a(lib_a-mprec.o)
                0x0800631c                __hi0bits
 .text.__lo0bits
                0x0800635c       0x5c c:/program files (x86)/gnu tools arm embedded/4.9 2015q3/bin/../lib/gcc/arm-none-eabi/4.9.3/../../../../arm-none-eabi/lib/armv7e-m\libc.a(lib_a-mprec.o)
                0x0800635c                __lo0bits
 .text.__i2b    0x080063b8       0x14 c:/program files (x86)/gnu tools arm embedded/4.9 2015q3/bin/../lib/gcc/arm-none-eabi/4.9.3/../../../../arm-none-eabi/lib/armv7e-m\libc.a(lib_a-mprec.o)
                0x080063b8                __i2b
 .text.__multiply
                0x080063cc      0x134 c:/program files (x86)/gnu tools arm embedded/4.9 2015q3/bin/../lib/gcc/arm-none-eabi/4.9.3/../../../../arm-none-eabi/lib/armv7e-m\libc.a(lib_a-mprec.o)
                0x080063cc                __multiply
 .text.__pow5mult
                0x08006500       0xa0 c:/program files (x86)/gnu tools arm embedded/4.9 2015q3/bin/../lib/gcc/arm-none-eabi/4.9.3/../../../../arm-none-eabi/lib/armv7e-m\libc.a(lib_a-mprec.o)
                0x08006500                __pow5mult
 .text.__lshift
                0x080065a0       0xac c:/program files (x86)/gnu tools arm embedded/4.9 2015q3/bin/../lib/gcc/arm-none-eabi/4.9.3/../../../../arm-none-eabi/lib/armv7e-m\libc.a(lib_a-mprec.o)
                0x080065a0                __lshift
 .text.__mcmp   0x0800664c       0x48 c:/program files (x86)/gnu tools arm embedded/4.9 2015q3/bin/../lib/gcc/arm-none-eabi/4.9.3/../../../../arm-none-eabi/lib/armv7e-m\libc.a(lib_a-mprec.o)
                0x0800664c                __mcmp
 .text.__mdiff  0x08006694       0xd4 c:/program files (x86)/gnu tools arm embedded/4.9 2015q3/bin/../lib/gcc/arm-none-eabi/4.9.3/../../../../arm-none-eabi/lib/armv7e-m\libc.a(lib_a-mprec.o)
                0x08006694                __mdiff
 .text.__d2b    0x08006768       0xb8 c:/program files (x86)/gnu tools arm embedded/4.9 2015q3/bin/../lib/gcc/arm-none-eabi/4.9.3/../../../../arm-none-eabi/lib/armv7e-m\libc.a(lib_a-mprec.o)
                0x08006768                __d2b
 .text.__fpclassifyd
                0x08006820       0x58 c:/program files (x86)/gnu tools arm embedded/4.9 2015q3/bin/../lib/gcc/arm-none-eabi/4.9.3/../../../../arm-none-eabi/lib/armv7e-m\libc.a(lib_a-s_fpclassify.o)
                0x08006820                __fpclassifyd
 .text._sbrk_r  0x08006878       0x24 c:/program files (x86)/gnu tools arm embedded/4.9 2015q3/bin/../lib/gcc/arm-none-eabi/4.9.3/../../../../arm-none-eabi/lib/armv7e-m\libc.a(lib_a-sbrkr.o)
                0x08006878                _sbrk_r
 .text.__ssprint_r
                0x0800689c      0x104 c:/program files (x86)/gnu tools arm embedded/4.9 2015q3/bin/../lib/gcc/arm-none-eabi/4.9.3/../../../../arm-none-eabi/lib/armv7e-m\libc.a(lib_a-svfiprintf.o)
                0x0800689c                __ssprint_r
 .text._calloc_r
                0x080069a0       0x60 c:/program files (x86)/gnu tools arm embedded/4.9 2015q3/bin/../lib/gcc/arm-none-eabi/4.9.3/../../../../arm-none-eabi/lib/armv7e-m\libc.a(lib_a-callocr.o)
                0x080069a0                _calloc_r
 .text._malloc_trim_r
                0x08006a00       0x9c c:/program files (x86)/gnu tools arm embedded/4.9 2015q3/bin/../lib/gcc/arm-none-eabi/4.9.3/../../../../arm-none-eabi/lib/armv7e-m\libc.a(lib_a-freer.o)
                0x08006a00                _malloc_trim_r
 .text._free_r  0x08006a9c      0x1b0 c:/program files (x86)/gnu tools arm embedded/4.9 2015q3/bin/../lib/gcc/arm-none-eabi/4.9.3/../../../../arm-none-eabi/lib/armv7e-m\libc.a(lib_a-freer.o)
                0x08006a9c                _free_r
 .text.memmove  0x08006c4c       0xc8 c:/program files (x86)/gnu tools arm embedded/4.9 2015q3/bin/../lib/gcc/arm-none-eabi/4.9.3/../../../../arm-none-eabi/lib/armv7e-m\libc.a(lib_a-memmove.o)
                0x08006c4c                memmove
 .text.memset   0x08006d14       0x9c c:/program files (x86)/gnu tools arm embedded/4.9 2015q3/bin/../lib/gcc/arm-none-eabi/4.9.3/../../../../arm-none-eabi/lib/armv7e-m\libc.a(lib_a-memset.o)
                0x08006d14                memset
 .text._realloc_r
                0x08006db0      0x3ec c:/program files (x86)/gnu tools arm embedded/4.9 2015q3/bin/../lib/gcc/arm-none-eabi/4.9.3/../../../../arm-none-eabi/lib/armv7e-m\libc.a(lib_a-reallocr.o)
                0x08006db0                _realloc_r
 .text          0x0800719c      0x370 c:/program files (x86)/gnu tools arm embedded/4.9 2015q3/bin/../lib/gcc/arm-none-eabi/4.9.3/armv7e-m\libgcc.a(_arm_addsubdf3.o)
                0x0800719c                __aeabi_drsub
                0x080071a4                __aeabi_dsub
                0x080071a4                __subdf3
                0x080071a8                __aeabi_dadd
                0x080071a8                __adddf3
                0x08007420                __floatunsidf
                0x08007420                __aeabi_ui2d
                0x08007440                __floatsidf
                0x08007440                __aeabi_i2d
                0x08007464                __aeabi_f2d
                0x08007464                __extendsfdf2
                0x080074a0                __floatundidf
                0x080074a0                __aeabi_ul2d
                0x080074b0                __floatdidf
                0x080074b0                __aeabi_l2d
 .text          0x0800750c      0x424 c:/program files (x86)/gnu tools arm embedded/4.9 2015q3/bin/../lib/gcc/arm-none-eabi/4.9.3/armv7e-m\libgcc.a(_arm_muldivdf3.o)
                0x0800750c                __aeabi_dmul
                0x0800750c                __muldf3
                0x08007760                __divdf3
                0x08007760                __aeabi_ddiv
 .text          0x08007930      0x110 c:/program files (x86)/gnu tools arm embedded/4.9 2015q3/bin/../lib/gcc/arm-none-eabi/4.9.3/armv7e-m\libgcc.a(_arm_cmpdf2.o)
                0x08007930                __gtdf2
                0x08007930                __gedf2
                0x08007938                __ltdf2
                0x08007938                __ledf2
                0x08007940                __nedf2
                0x08007940                __eqdf2
                0x08007940                __cmpdf2
                0x080079bc                __aeabi_cdrcmple
                0x080079cc                __aeabi_cdcmpeq
                0x080079cc                __aeabi_cdcmple
                0x080079dc                __aeabi_dcmpeq
                0x080079f0                __aeabi_dcmplt
                0x08007a04                __aeabi_dcmple
                0x08007a18                __aeabi_dcmpge
                0x08007a2c                __aeabi_dcmpgt
 .text          0x08007a40       0x50 c:/program files (x86)/gnu tools arm embedded/4.9 2015q3/bin/../lib/gcc/arm-none-eabi/4.9.3/armv7e-m\libgcc.a(_arm_fixdfsi.o)
                0x08007a40                __aeabi_d2iz
                0x08007a40                __fixdfsi
 .text          0x08007a90       0x30 c:/program files (x86)/gnu tools arm embedded/4.9 2015q3/bin/../lib/gcc/arm-none-eabi/4.9.3/armv7e-m\libgcc.a(_aeabi_uldivmod.o)
                0x08007a90                __aeabi_uldivmod
 .text          0x08007ac0       0x60 c:/program files (x86)/gnu tools arm embedded/4.9 2015q3/bin/../lib/gcc/arm-none-eabi/4.9.3/armv7e-m\libgcc.a(bpabi.o)
                0x08007ac0                __gnu_ldivmod_helper
                0x08007af0                __gnu_uldivmod_helper
 .text          0x08007b20        0x4 c:/program files (x86)/gnu tools arm embedded/4.9 2015q3/bin/../lib/gcc/arm-none-eabi/4.9.3/armv7e-m\libgcc.a(_dvmd_tls.o)
                0x08007b20                __aeabi_idiv0
                0x08007b20                __aeabi_ldiv0
 .text          0x08007b24      0x29c c:/program files (x86)/gnu tools arm embedded/4.9 2015q3/bin/../lib/gcc/arm-none-eabi/4.9.3/armv7e-m\libgcc.a(_divdi3.o)
                0x08007b24                __divdi3
 .text          0x08007dc0      0x26c c:/program files (x86)/gnu tools arm embedded/4.9 2015q3/bin/../lib/gcc/arm-none-eabi/4.9.3/armv7e-m\libgcc.a(_udivdi3.o)
                0x08007dc0                __udivdi3
 *(.init)
 *(.fini)
 *crtbegin.o(.ctors)
 *crtbegin?.o(.ctors)
 *(EXCLUDE_FILE(*crtend.o *crtend?.o) .ctors)
 *(SORT(.ctors.*))
 *(.ctors)
 *crtbegin.o(.dtors)
 *crtbegin?.o(.dtors)
 *(EXCLUDE_FILE(*crtend.o *crtend?.o) .dtors)
 *(SORT(.dtors.*))
 *(.dtors)
 *(.rodata*)
 .rodata        0x0800802c       0x20 ..\obj\CAPA_ENLACE.o
 .rodata        0x0800804c        0x6 ..\obj\consola.o
 *fill*         0x08008052        0x2 
 .rodata.zeroes.6911
                0x08008054       0x10 c:/program files (x86)/gnu tools arm embedded/4.9 2015q3/bin/../lib/gcc/arm-none-eabi/4.9.3/../../../../arm-none-eabi/lib/armv7e-m\libc.a(lib_a-svfprintf.o)
 .rodata.blanks.6910
                0x08008064       0x10 c:/program files (x86)/gnu tools arm embedded/4.9 2015q3/bin/../lib/gcc/arm-none-eabi/4.9.3/../../../../arm-none-eabi/lib/armv7e-m\libc.a(lib_a-svfprintf.o)
 .rodata.str1.4
                0x08008074       0x42 c:/program files (x86)/gnu tools arm embedded/4.9 2015q3/bin/../lib/gcc/arm-none-eabi/4.9.3/../../../../arm-none-eabi/lib/armv7e-m\libc.a(lib_a-svfprintf.o)
 *fill*         0x080080b6        0x2 
 .rodata.str1.4
                0x080080b8       0x10 c:/program files (x86)/gnu tools arm embedded/4.9 2015q3/bin/../lib/gcc/arm-none-eabi/4.9.3/../../../../arm-none-eabi/lib/armv7e-m\libc.a(lib_a-dtoa.o)
                                 0x12 (size before relaxing)
 .rodata.str1.4
                0x080080c8        0x2 c:/program files (x86)/gnu tools arm embedded/4.9 2015q3/bin/../lib/gcc/arm-none-eabi/4.9.3/../../../../arm-none-eabi/lib/armv7e-m\libc.a(lib_a-impure.o)
 *fill*         0x080080ca        0x2 
 .rodata.str1.4
                0x080080cc        0xc c:/program files (x86)/gnu tools arm embedded/4.9 2015q3/bin/../lib/gcc/arm-none-eabi/4.9.3/../../../../arm-none-eabi/lib/armv7e-m\libc.a(lib_a-locale.o)
                                 0x12 (size before relaxing)
 .rodata.__mprec_tens
                0x080080d8       0xc8 c:/program files (x86)/gnu tools arm embedded/4.9 2015q3/bin/../lib/gcc/arm-none-eabi/4.9.3/../../../../arm-none-eabi/lib/armv7e-m\libc.a(lib_a-mprec.o)
                0x080080d8                __mprec_tens
 .rodata.p05.5302
                0x080081a0        0xc c:/program files (x86)/gnu tools arm embedded/4.9 2015q3/bin/../lib/gcc/arm-none-eabi/4.9.3/../../../../arm-none-eabi/lib/armv7e-m\libc.a(lib_a-mprec.o)
 *fill*         0x080081ac        0x4 
 .rodata.__mprec_bigtens
                0x080081b0       0x28 c:/program files (x86)/gnu tools arm embedded/4.9 2015q3/bin/../lib/gcc/arm-none-eabi/4.9.3/../../../../arm-none-eabi/lib/armv7e-m\libc.a(lib_a-mprec.o)
                0x080081b0                __mprec_bigtens
 *(.eh_fram e*)

.glue_7         0x080081d8        0x0
 .glue_7        0x00000000        0x0 linker stubs

.glue_7t        0x080081d8        0x0
 .glue_7t       0x00000000        0x0 linker stubs

.vfp11_veneer   0x080081d8        0x0
 .vfp11_veneer  0x00000000        0x0 linker stubs

.v4_bx          0x080081d8        0x0
 .v4_bx         0x00000000        0x0 linker stubs

.iplt           0x080081d8        0x0
 .iplt          0x00000000        0x0 ..\obj\stm32f4xx_syscfg.o

.ARM.extab
 *(.ARM.extab* .gnu.linkonce.armextab.*)
                0x080081d8                __exidx_start = .

.ARM.exidx      0x080081d8        0x8
 *(.ARM.exidx* .gnu.linkonce.armexidx.*)
 .ARM.exidx     0x080081d8        0x8 c:/program files (x86)/gnu tools arm embedded/4.9 2015q3/bin/../lib/gcc/arm-none-eabi/4.9.3/armv7e-m\libgcc.a(_divdi3.o)
 .ARM.exidx     0x080081e0        0x0 c:/program files (x86)/gnu tools arm embedded/4.9 2015q3/bin/../lib/gcc/arm-none-eabi/4.9.3/armv7e-m\libgcc.a(_udivdi3.o)
                                  0x8 (size before relaxing)
                0x080081e0                __exidx_end = .
                0x080081e0                __etext = .
                0x080081e0                _sidata = __etext

.rel.dyn        0x080081e0        0x0
 .rel.iplt      0x00000000        0x0 ..\obj\stm32f4xx_syscfg.o

.data           0x20000000      0x89c load address 0x080081e0
                0x20000000                __data_start__ = .
                0x20000000                _sdata = __data_start__
 *(vtable)
 *(.data*)
 .data          0x20000000       0x10 ..\obj\stm32f4xx_rcc.o
 .data          0x20000010       0x14 ..\obj\system_stm32f4xx.o
                0x20000010                SystemCoreClock
                0x20000014                AHBPrescTable
 *fill*         0x20000024        0x4 
 .data.impure_data
                0x20000028      0x428 c:/program files (x86)/gnu tools arm embedded/4.9 2015q3/bin/../lib/gcc/arm-none-eabi/4.9.3/../../../../arm-none-eabi/lib/armv7e-m\libc.a(lib_a-impure.o)
 .data._impure_ptr
                0x20000450        0x4 c:/program files (x86)/gnu tools arm embedded/4.9 2015q3/bin/../lib/gcc/arm-none-eabi/4.9.3/../../../../arm-none-eabi/lib/armv7e-m\libc.a(lib_a-impure.o)
                0x20000450                _impure_ptr
 .data.lconv    0x20000454       0x38 c:/program files (x86)/gnu tools arm embedded/4.9 2015q3/bin/../lib/gcc/arm-none-eabi/4.9.3/../../../../arm-none-eabi/lib/armv7e-m\libc.a(lib_a-locale.o)
 .data.__malloc_av_
                0x2000048c      0x408 c:/program files (x86)/gnu tools arm embedded/4.9 2015q3/bin/../lib/gcc/arm-none-eabi/4.9.3/../../../../arm-none-eabi/lib/armv7e-m\libc.a(lib_a-mallocr.o)
                0x2000048c                __malloc_av_
 .data.__malloc_trim_threshold
                0x20000894        0x4 c:/program files (x86)/gnu tools arm embedded/4.9 2015q3/bin/../lib/gcc/arm-none-eabi/4.9.3/../../../../arm-none-eabi/lib/armv7e-m\libc.a(lib_a-mallocr.o)
                0x20000894                __malloc_trim_threshold
 .data.__malloc_sbrk_base
                0x20000898        0x4 c:/program files (x86)/gnu tools arm embedded/4.9 2015q3/bin/../lib/gcc/arm-none-eabi/4.9.3/../../../../arm-none-eabi/lib/armv7e-m\libc.a(lib_a-mallocr.o)
                0x20000898                __malloc_sbrk_base
                0x2000089c                . = ALIGN (0x4)
                0x2000089c                PROVIDE (__preinit_array_start, .)
 *(.preinit_array)
                0x2000089c                PROVIDE (__preinit_array_end, .)
                0x2000089c                . = ALIGN (0x4)
                0x2000089c                PROVIDE (__init_array_start, .)
 *(SORT(.init_array.*))
 *(.init_array)
                0x2000089c                PROVIDE (__init_array_end, .)
                0x2000089c                . = ALIGN (0x4)
                0x2000089c                PROVIDE (__fini_array_start, .)
 *(SORT(.fini_array.*))
 *(.fini_array)
                0x2000089c                PROVIDE (__fini_array_end, .)
 *(.jcr*)
                0x2000089c                . = ALIGN (0x4)
                0x2000089c                __data_end__ = .
                0x2000089c                _edata = __data_end__

.igot.plt       0x2000089c        0x0 load address 0x08008a7c
 .igot.plt      0x00000000        0x0 ..\obj\stm32f4xx_syscfg.o

.bss            0x2000089c      0x46c load address 0x08008a7c
                0x2000089c                . = ALIGN (0x4)
                0x2000089c                __bss_start__ = .
                0x2000089c                _sbss = __bss_start__
 *(.bss*)
 .bss           0x2000089c        0x4 ..\obj\syscalls.o
 .bss.__malloc_max_total_mem
                0x200008a0        0x4 c:/program files (x86)/gnu tools arm embedded/4.9 2015q3/bin/../lib/gcc/arm-none-eabi/4.9.3/../../../../arm-none-eabi/lib/armv7e-m\libc.a(lib_a-mallocr.o)
                0x200008a0                __malloc_max_total_mem
 .bss.__malloc_max_sbrked_mem
                0x200008a4        0x4 c:/program files (x86)/gnu tools arm embedded/4.9 2015q3/bin/../lib/gcc/arm-none-eabi/4.9.3/../../../../arm-none-eabi/lib/armv7e-m\libc.a(lib_a-mallocr.o)
                0x200008a4                __malloc_max_sbrked_mem
 .bss.__malloc_top_pad
                0x200008a8        0x4 c:/program files (x86)/gnu tools arm embedded/4.9 2015q3/bin/../lib/gcc/arm-none-eabi/4.9.3/../../../../arm-none-eabi/lib/armv7e-m\libc.a(lib_a-mallocr.o)
                0x200008a8                __malloc_top_pad
 .bss.__malloc_current_mallinfo
                0x200008ac       0x28 c:/program files (x86)/gnu tools arm embedded/4.9 2015q3/bin/../lib/gcc/arm-none-eabi/4.9.3/../../../../arm-none-eabi/lib/armv7e-m\libc.a(lib_a-mallocr.o)
                0x200008ac                __malloc_current_mallinfo
 *(COMMON)
 COMMON         0x200008d4      0x188 ..\obj\CAPA_ENLACE.o
                0x200008d4                IDRP
                0x200008d5                fin_bloque_OUT
                0x200008d6                timeout_PC
                0x200008d8                buffer_OUT
                0x200008dc                ODRP
                0x200008dd                EIP
                0x200008de                modo_service
                0x200008df                fin_bloque_IN
                0x200008e0                buffer_IN
                0x200009e0                mensajeRXListo
                0x200009e1                total_IN
                0x200009e4                mensaje_TX
                0x20000a48                cont_IN
                0x20000a4c                estadoIN
                0x20000a50                total_OUT
                0x20000a51                RQ
                0x20000a52                cont_OUT
                0x20000a53                llegoEstadoOUT
                0x20000a54                llegoEstadoIN
                0x20000a58                estadoOUT
 COMMON         0x20000a5c        0x1 ..\obj\temporizado.o
                0x20000a5c                timeout_FSM_500
 *fill*         0x20000a5d        0x3 
 COMMON         0x20000a60      0x201 ..\obj\app_sonar.o
                0x20000a60                mensajeICIOutput
                0x20000af8                cant_error_Transporte
                0x20000af9                error_PC
                0x20000afc                mensajePCOutput
                0x20000b44                mensajePCInput
                0x20000b84                cant_error_Enc_DHC
                0x20000b85                error_Transporte
                0x20000b88                mensajeICIInput
                0x20000c58                CANT_PALABRAS_ENTRADA
                0x20000c59                cant_error_Enc_Sonar
                0x20000c5a                error_Enc_Sonar
                0x20000c5b                cant_error_PC
                0x20000c5c                error_Timeout
                0x20000c5d                cant_error_Timeout
                0x20000c5e                CANT_PALABRAS_SALIDA
                0x20000c5f                error_Enc_DHC
                0x20000c60                timeout_Sonar
 COMMON         0x20000c61        0x1 ..\obj\FSM.o
                0x20000c61                estadoFSM
 *fill*         0x20000c62        0x2 
 COMMON         0x20000c64       0x8c ..\obj\consola_PHY.o
                0x20000c64                DMA_UART_TX_InitStructure
                0x20000ca0                DMA_UART_RX_InitStructure
                0x20000cdc                primeraTX
                0x20000ce0                USART_InitStructure
 COMMON         0x20000cf0       0x14 ..\obj\configuracion_IO.o
                0x20000cf0                GPIOConf
                0x20000cf8                NVIC_InitStructure
                0x20000cfc                EXTI_InitStructure
 COMMON         0x20000d04        0x4 c:/program files (x86)/gnu tools arm embedded/4.9 2015q3/bin/../lib/gcc/arm-none-eabi/4.9.3/../../../../arm-none-eabi/lib/armv7e-m\libc.a(lib_a-reent.o)
                0x20000d04                errno
                0x20000d08                . = ALIGN (0x4)
                0x20000d08                __bss_end__ = .
                0x20000d08                _ebss = __bss_end__

.heap           0x20000d08        0x0
                0x20000d08                __end__ = .
                0x20000d08                _end = __end__
                0x20000d08                end = __end__
 *(.heap*)
                0x20000d08                __HeapLimit = .

.co_stack       0x20000d08      0x800 load address 0x08008ee8
                0x20000d08                . = ALIGN (0x8)
 *(.co_stack .co_stack.*)
 .co_stack      0x20000d08      0x800 ..\obj\startup_stm32f4xx.o
                0x20000d08                pulStack
                0x20020000                __StackTop = (ORIGIN (ram) + 0x20000)
                0x2001f800                __StackLimit = (__StackTop - SIZEOF (.co_stack))
                0x20020000                PROVIDE (__stack, __StackTop)
                0x00000001                ASSERT ((__StackLimit >= __HeapLimit), region ram  overflowed with stack)
LOAD ..\obj\stm32f4xx_syscfg.o
LOAD ..\obj\CAPA_ENLACE.o
LOAD ..\obj\stm32f4xx_usart.o
LOAD ..\obj\tiempo.o
LOAD ..\obj\temporizado.o
LOAD ..\obj\startup_stm32f4xx.o
LOAD ..\obj\app_sonar.o
LOAD ..\obj\FSM.o
LOAD ..\obj\main.o
LOAD ..\obj\stm32f4xx_rcc.o
LOAD ..\obj\io_lib.o
LOAD ..\obj\timers_app_sonar.o
LOAD ..\obj\control_IO.o
LOAD ..\obj\timers_PC.o
LOAD ..\obj\consola_PHY.o
LOAD ..\obj\stm32f4xx_gpio.o
LOAD ..\obj\system_stm32f4xx.o
LOAD ..\obj\syscalls.o
LOAD ..\obj\stm32f4xx_dma.o
LOAD ..\obj\mensajes.o
LOAD ..\obj\consola.o
LOAD ..\obj\configuracion_IO.o
LOAD ..\obj\stm32f4xx_exti.o
LOAD ..\obj\misc.o
LOAD ..\obj\stm32f4xx_tim.o
LOAD c:/program files (x86)/gnu tools arm embedded/4.9 2015q3/bin/../lib/gcc/arm-none-eabi/4.9.3/../../../../arm-none-eabi/lib/armv7e-m\libm.a
LOAD c:/program files (x86)/gnu tools arm embedded/4.9 2015q3/bin/../lib/gcc/arm-none-eabi/4.9.3/armv7e-m\libgcc.a
LOAD c:/program files (x86)/gnu tools arm embedded/4.9 2015q3/bin/../lib/gcc/arm-none-eabi/4.9.3/../../../../arm-none-eabi/lib/armv7e-m\libc.a
START GROUP
LOAD c:/program files (x86)/gnu tools arm embedded/4.9 2015q3/bin/../lib/gcc/arm-none-eabi/4.9.3/armv7e-m\libgcc.a
LOAD c:/program files (x86)/gnu tools arm embedded/4.9 2015q3/bin/../lib/gcc/arm-none-eabi/4.9.3/../../../../arm-none-eabi/lib/armv7e-m\libg.a
LOAD c:/program files (x86)/gnu tools arm embedded/4.9 2015q3/bin/../lib/gcc/arm-none-eabi/4.9.3/../../../../arm-none-eabi/lib/armv7e-m\libc.a
END GROUP
OUTPUT(SONAR.elf elf32-littlearm)

.debug_info     0x00000000     0xa49c
 .debug_info    0x00000000      0x26c ..\obj\stm32f4xx_syscfg.o
 .debug_info    0x0000026c      0x4e7 ..\obj\CAPA_ENLACE.o
 .debug_info    0x00000753      0x9c2 ..\obj\stm32f4xx_usart.o
 .debug_info    0x00001115      0x118 ..\obj\tiempo.o
 .debug_info    0x0000122d      0x67d ..\obj\temporizado.o
 .debug_info    0x000018aa       0xed ..\obj\startup_stm32f4xx.o
 .debug_info    0x00001997      0x5cc ..\obj\app_sonar.o
 .debug_info    0x00001f63      0x631 ..\obj\FSM.o
 .debug_info    0x00002594      0x685 ..\obj\main.o
 .debug_info    0x00002c19      0xc4d ..\obj\stm32f4xx_rcc.o
 .debug_info    0x00003866      0x4d1 ..\obj\io_lib.o
 .debug_info    0x00003d37      0x67d ..\obj\timers_app_sonar.o
 .debug_info    0x000043b4      0x56e ..\obj\control_IO.o
 .debug_info    0x00004922      0x67d ..\obj\timers_PC.o
 .debug_info    0x00004f9f      0x971 ..\obj\consola_PHY.o
 .debug_info    0x00005910      0x602 ..\obj\stm32f4xx_gpio.o
 .debug_info    0x00005f12      0x592 ..\obj\system_stm32f4xx.o
 .debug_info    0x000064a4      0x3ee ..\obj\syscalls.o
 .debug_info    0x00006892      0x739 ..\obj\stm32f4xx_dma.o
 .debug_info    0x00006fcb      0x1c0 ..\obj\mensajes.o
 .debug_info    0x0000718b      0x3b2 ..\obj\consola.o
 .debug_info    0x0000753d      0xa7a ..\obj\configuracion_IO.o
 .debug_info    0x00007fb7      0x347 ..\obj\stm32f4xx_exti.o
 .debug_info    0x000082fe      0x53d ..\obj\misc.o
 .debug_info    0x0000883b     0x1c61 ..\obj\stm32f4xx_tim.o

.debug_abbrev   0x00000000     0x2065
 .debug_abbrev  0x00000000      0x131 ..\obj\stm32f4xx_syscfg.o
 .debug_abbrev  0x00000131      0x175 ..\obj\CAPA_ENLACE.o
 .debug_abbrev  0x000002a6      0x155 ..\obj\stm32f4xx_usart.o
 .debug_abbrev  0x000003fb       0xb3 ..\obj\tiempo.o
 .debug_abbrev  0x000004ae      0x130 ..\obj\temporizado.o
 .debug_abbrev  0x000005de       0xb0 ..\obj\startup_stm32f4xx.o
 .debug_abbrev  0x0000068e      0x15d ..\obj\app_sonar.o
 .debug_abbrev  0x000007eb      0x12d ..\obj\FSM.o
 .debug_abbrev  0x00000918      0x163 ..\obj\main.o
 .debug_abbrev  0x00000a7b      0x1e3 ..\obj\stm32f4xx_rcc.o
 .debug_abbrev  0x00000c5e      0x136 ..\obj\io_lib.o
 .debug_abbrev  0x00000d94      0x130 ..\obj\timers_app_sonar.o
 .debug_abbrev  0x00000ec4      0x1aa ..\obj\control_IO.o
 .debug_abbrev  0x0000106e      0x130 ..\obj\timers_PC.o
 .debug_abbrev  0x0000119e      0x1aa ..\obj\consola_PHY.o
 .debug_abbrev  0x00001348      0x1a3 ..\obj\stm32f4xx_gpio.o
 .debug_abbrev  0x000014eb      0x136 ..\obj\system_stm32f4xx.o
 .debug_abbrev  0x00001621       0xe2 ..\obj\syscalls.o
 .debug_abbrev  0x00001703      0x155 ..\obj\stm32f4xx_dma.o
 .debug_abbrev  0x00001858       0xc9 ..\obj\mensajes.o
 .debug_abbrev  0x00001921      0x16e ..\obj\consola.o
 .debug_abbrev  0x00001a8f      0x165 ..\obj\configuracion_IO.o
 .debug_abbrev  0x00001bf4      0x1a5 ..\obj\stm32f4xx_exti.o
 .debug_abbrev  0x00001d99      0x145 ..\obj\misc.o
 .debug_abbrev  0x00001ede      0x187 ..\obj\stm32f4xx_tim.o

.debug_aranges  0x00000000      0xd90
 .debug_aranges
                0x00000000       0x48 ..\obj\stm32f4xx_syscfg.o
 .debug_aranges
                0x00000048       0xa0 ..\obj\CAPA_ENLACE.o
 .debug_aranges
                0x000000e8      0x100 ..\obj\stm32f4xx_usart.o
 .debug_aranges
                0x000001e8       0x38 ..\obj\tiempo.o
 .debug_aranges
                0x00000220       0x40 ..\obj\temporizado.o
 .debug_aranges
                0x00000260       0x28 ..\obj\startup_stm32f4xx.o
 .debug_aranges
                0x00000288       0x70 ..\obj\app_sonar.o
 .debug_aranges
                0x000002f8       0x28 ..\obj\FSM.o
 .debug_aranges
                0x00000320       0x38 ..\obj\main.o
 .debug_aranges
                0x00000358      0x178 ..\obj\stm32f4xx_rcc.o
 .debug_aranges
                0x000004d0       0xd0 ..\obj\io_lib.o
 .debug_aranges
                0x000005a0       0x40 ..\obj\timers_app_sonar.o
 .debug_aranges
                0x000005e0       0x70 ..\obj\control_IO.o
 .debug_aranges
                0x00000650       0x40 ..\obj\timers_PC.o
 .debug_aranges
                0x00000690       0x68 ..\obj\consola_PHY.o
 .debug_aranges
                0x000006f8       0x88 ..\obj\stm32f4xx_gpio.o
 .debug_aranges
                0x00000780       0x30 ..\obj\system_stm32f4xx.o
 .debug_aranges
                0x000007b0       0x60 ..\obj\syscalls.o
 .debug_aranges
                0x00000810       0xb0 ..\obj\stm32f4xx_dma.o
 .debug_aranges
                0x000008c0       0x38 ..\obj\mensajes.o
 .debug_aranges
                0x000008f8       0x58 ..\obj\consola.o
 .debug_aranges
                0x00000950       0xb0 ..\obj\configuracion_IO.o
 .debug_aranges
                0x00000a00       0x58 ..\obj\stm32f4xx_exti.o
 .debug_aranges
                0x00000a58       0x40 ..\obj\misc.o
 .debug_aranges
                0x00000a98      0x2f8 ..\obj\stm32f4xx_tim.o

.debug_ranges   0x00000000      0xc00
 .debug_ranges  0x00000000       0x38 ..\obj\stm32f4xx_syscfg.o
 .debug_ranges  0x00000038       0x90 ..\obj\CAPA_ENLACE.o
 .debug_ranges  0x000000c8       0xf0 ..\obj\stm32f4xx_usart.o
 .debug_ranges  0x000001b8       0x28 ..\obj\tiempo.o
 .debug_ranges  0x000001e0       0x30 ..\obj\temporizado.o
 .debug_ranges  0x00000210       0x18 ..\obj\startup_stm32f4xx.o
 .debug_ranges  0x00000228       0x60 ..\obj\app_sonar.o
 .debug_ranges  0x00000288       0x18 ..\obj\FSM.o
 .debug_ranges  0x000002a0       0x28 ..\obj\main.o
 .debug_ranges  0x000002c8      0x168 ..\obj\stm32f4xx_rcc.o
 .debug_ranges  0x00000430       0xc0 ..\obj\io_lib.o
 .debug_ranges  0x000004f0       0x30 ..\obj\timers_app_sonar.o
 .debug_ranges  0x00000520       0x60 ..\obj\control_IO.o
 .debug_ranges  0x00000580       0x30 ..\obj\timers_PC.o
 .debug_ranges  0x000005b0       0x58 ..\obj\consola_PHY.o
 .debug_ranges  0x00000608       0x78 ..\obj\stm32f4xx_gpio.o
 .debug_ranges  0x00000680       0x20 ..\obj\system_stm32f4xx.o
 .debug_ranges  0x000006a0       0x50 ..\obj\syscalls.o
 .debug_ranges  0x000006f0       0xa0 ..\obj\stm32f4xx_dma.o
 .debug_ranges  0x00000790       0x28 ..\obj\mensajes.o
 .debug_ranges  0x000007b8       0x48 ..\obj\consola.o
 .debug_ranges  0x00000800       0xa0 ..\obj\configuracion_IO.o
 .debug_ranges  0x000008a0       0x48 ..\obj\stm32f4xx_exti.o
 .debug_ranges  0x000008e8       0x30 ..\obj\misc.o
 .debug_ranges  0x00000918      0x2e8 ..\obj\stm32f4xx_tim.o

.debug_line     0x00000000     0x5694
 .debug_line    0x00000000      0x21f ..\obj\stm32f4xx_syscfg.o
 .debug_line    0x0000021f      0x45e ..\obj\CAPA_ENLACE.o
 .debug_line    0x0000067d      0x4a6 ..\obj\stm32f4xx_usart.o
 .debug_line    0x00000b23      0x1cc ..\obj\tiempo.o
 .debug_line    0x00000cef      0x27a ..\obj\temporizado.o
 .debug_line    0x00000f69       0x9d ..\obj\startup_stm32f4xx.o
 .debug_line    0x00001006      0x44c ..\obj\app_sonar.o
 .debug_line    0x00001452      0x49b ..\obj\FSM.o
 .debug_line    0x000018ed      0x4a7 ..\obj\main.o
 .debug_line    0x00001d94      0x5a5 ..\obj\stm32f4xx_rcc.o
 .debug_line    0x00002339      0x3c0 ..\obj\io_lib.o
 .debug_line    0x000026f9      0x280 ..\obj\timers_app_sonar.o
 .debug_line    0x00002979      0x32f ..\obj\control_IO.o
 .debug_line    0x00002ca8      0x26e ..\obj\timers_PC.o
 .debug_line    0x00002f16      0x378 ..\obj\consola_PHY.o
 .debug_line    0x0000328e      0x347 ..\obj\stm32f4xx_gpio.o
 .debug_line    0x000035d5      0x1fa ..\obj\system_stm32f4xx.o
 .debug_line    0x000037cf      0x16e ..\obj\syscalls.o
 .debug_line    0x0000393d      0x3e0 ..\obj\stm32f4xx_dma.o
 .debug_line    0x00003d1d      0x2c0 ..\obj\mensajes.o
 .debug_line    0x00003fdd      0x2d7 ..\obj\consola.o
 .debug_line    0x000042b4      0x480 ..\obj\configuracion_IO.o
 .debug_line    0x00004734      0x2a9 ..\obj\stm32f4xx_exti.o
 .debug_line    0x000049dd      0x249 ..\obj\misc.o
 .debug_line    0x00004c26      0xa6e ..\obj\stm32f4xx_tim.o

.debug_str      0x00000000     0x3d7e
 .debug_str     0x00000000      0x292 ..\obj\stm32f4xx_syscfg.o
                                0x2f0 (size before relaxing)
 .debug_str     0x00000292      0x294 ..\obj\CAPA_ENLACE.o
                                0x40b (size before relaxing)
 .debug_str     0x00000526      0x4d2 ..\obj\stm32f4xx_usart.o
                                0x68b (size before relaxing)
 .debug_str     0x000009f8       0x7e ..\obj\tiempo.o
                                0x1f3 (size before relaxing)
 .debug_str     0x00000a76      0x75a ..\obj\temporizado.o
                                0x988 (size before relaxing)
 .debug_str     0x000011d0       0xac ..\obj\startup_stm32f4xx.o
                                0x143 (size before relaxing)
 .debug_str     0x0000127c      0x2fc ..\obj\app_sonar.o
                                0x5c4 (size before relaxing)
 .debug_str     0x00001578      0x1fe ..\obj\FSM.o
                                0x6c7 (size before relaxing)
 .debug_str     0x00001776      0x1d0 ..\obj\main.o
                                0x6e7 (size before relaxing)
 .debug_str     0x00001946      0x5df ..\obj\stm32f4xx_rcc.o
                                0x84c (size before relaxing)
 .debug_str     0x00001f25      0x270 ..\obj\io_lib.o
                                0x5b1 (size before relaxing)
 .debug_str     0x00002195       0xa8 ..\obj\timers_app_sonar.o
                                0x982 (size before relaxing)
 .debug_str     0x0000223d      0x112 ..\obj\control_IO.o
                                0x409 (size before relaxing)
 .debug_str     0x0000234f       0x90 ..\obj\timers_PC.o
                                0x964 (size before relaxing)
 .debug_str     0x000023df      0x292 ..\obj\consola_PHY.o
                                0xc4e (size before relaxing)
 .debug_str     0x00002671      0x199 ..\obj\stm32f4xx_gpio.o
                                0x49f (size before relaxing)
 .debug_str     0x0000280a      0x114 ..\obj\system_stm32f4xx.o
                                0x3a6 (size before relaxing)
 .debug_str     0x0000291e      0x15f ..\obj\syscalls.o
                                0x2c8 (size before relaxing)
 .debug_str     0x00002a7d      0x26a ..\obj\stm32f4xx_dma.o
                                0x53e (size before relaxing)
 .debug_str     0x00002ce7       0x8c ..\obj\mensajes.o
                                0x22d (size before relaxing)
 .debug_str     0x00002d73       0xc1 ..\obj\consola.o
                                0x373 (size before relaxing)
 .debug_str     0x00002e34      0x31e ..\obj\configuracion_IO.o
                                0xd5a (size before relaxing)
 .debug_str     0x00003152       0xfc ..\obj\stm32f4xx_exti.o
                                0x355 (size before relaxing)
 .debug_str     0x0000324e      0x14d ..\obj\misc.o
                                0x3ca (size before relaxing)
 .debug_str     0x0000339b      0x9e3 ..\obj\stm32f4xx_tim.o
                                0xdcc (size before relaxing)

.comment        0x00000000       0x70
 .comment       0x00000000       0x70 ..\obj\stm32f4xx_syscfg.o
                                 0x71 (size before relaxing)
 .comment       0x00000000       0x71 ..\obj\CAPA_ENLACE.o
 .comment       0x00000000       0x71 ..\obj\stm32f4xx_usart.o
 .comment       0x00000000       0x71 ..\obj\tiempo.o
 .comment       0x00000000       0x71 ..\obj\temporizado.o
 .comment       0x00000000       0x71 ..\obj\startup_stm32f4xx.o
 .comment       0x00000000       0x71 ..\obj\app_sonar.o
 .comment       0x00000000       0x71 ..\obj\FSM.o
 .comment       0x00000000       0x71 ..\obj\main.o
 .comment       0x00000000       0x71 ..\obj\stm32f4xx_rcc.o
 .comment       0x00000000       0x71 ..\obj\io_lib.o
 .comment       0x00000000       0x71 ..\obj\timers_app_sonar.o
 .comment       0x00000000       0x71 ..\obj\control_IO.o
 .comment       0x00000000       0x71 ..\obj\timers_PC.o
 .comment       0x00000000       0x71 ..\obj\consola_PHY.o
 .comment       0x00000000       0x71 ..\obj\stm32f4xx_gpio.o
 .comment       0x00000000       0x71 ..\obj\system_stm32f4xx.o
 .comment       0x00000000       0x71 ..\obj\syscalls.o
 .comment       0x00000000       0x71 ..\obj\stm32f4xx_dma.o
 .comment       0x00000000       0x71 ..\obj\mensajes.o
 .comment       0x00000000       0x71 ..\obj\consola.o
 .comment       0x00000000       0x71 ..\obj\configuracion_IO.o
 .comment       0x00000000       0x71 ..\obj\stm32f4xx_exti.o
 .comment       0x00000000       0x71 ..\obj\misc.o
 .comment       0x00000000       0x71 ..\obj\stm32f4xx_tim.o

.ARM.attributes
                0x00000000       0x31
 .ARM.attributes
                0x00000000       0x33 ..\obj\stm32f4xx_syscfg.o
 .ARM.attributes
                0x00000033       0x33 ..\obj\CAPA_ENLACE.o
 .ARM.attributes
                0x00000066       0x33 ..\obj\stm32f4xx_usart.o
 .ARM.attributes
                0x00000099       0x33 ..\obj\tiempo.o
 .ARM.attributes
                0x000000cc       0x33 ..\obj\temporizado.o
 .ARM.attributes
                0x000000ff       0x33 ..\obj\startup_stm32f4xx.o
 .ARM.attributes
                0x00000132       0x33 ..\obj\app_sonar.o
 .ARM.attributes
                0x00000165       0x33 ..\obj\FSM.o
 .ARM.attributes
                0x00000198       0x33 ..\obj\main.o
 .ARM.attributes
                0x000001cb       0x33 ..\obj\stm32f4xx_rcc.o
 .ARM.attributes
                0x000001fe       0x33 ..\obj\io_lib.o
 .ARM.attributes
                0x00000231       0x33 ..\obj\timers_app_sonar.o
 .ARM.attributes
                0x00000264       0x33 ..\obj\control_IO.o
 .ARM.attributes
                0x00000297       0x33 ..\obj\timers_PC.o
 .ARM.attributes
                0x000002ca       0x33 ..\obj\consola_PHY.o
 .ARM.attributes
                0x000002fd       0x33 ..\obj\stm32f4xx_gpio.o
 .ARM.attributes
                0x00000330       0x33 ..\obj\system_stm32f4xx.o
 .ARM.attributes
                0x00000363       0x33 ..\obj\syscalls.o
 .ARM.attributes
                0x00000396       0x33 ..\obj\stm32f4xx_dma.o
 .ARM.attributes
                0x000003c9       0x33 ..\obj\mensajes.o
 .ARM.attributes
                0x000003fc       0x33 ..\obj\consola.o
 .ARM.attributes
                0x0000042f       0x33 ..\obj\configuracion_IO.o
 .ARM.attributes
                0x00000462       0x33 ..\obj\stm32f4xx_exti.o
 .ARM.attributes
                0x00000495       0x33 ..\obj\misc.o
 .ARM.attributes
                0x000004c8       0x33 ..\obj\stm32f4xx_tim.o
 .ARM.attributes
                0x000004fb       0x2e c:/program files (x86)/gnu tools arm embedded/4.9 2015q3/bin/../lib/gcc/arm-none-eabi/4.9.3/../../../../arm-none-eabi/lib/armv7e-m\libc.a(lib_a-sprintf.o)
 .ARM.attributes
                0x00000529       0x2e c:/program files (x86)/gnu tools arm embedded/4.9 2015q3/bin/../lib/gcc/arm-none-eabi/4.9.3/../../../../arm-none-eabi/lib/armv7e-m\libc.a(lib_a-strlen.o)
 .ARM.attributes
                0x00000557       0x2e c:/program files (x86)/gnu tools arm embedded/4.9 2015q3/bin/../lib/gcc/arm-none-eabi/4.9.3/../../../../arm-none-eabi/lib/armv7e-m\libc.a(lib_a-svfprintf.o)
 .ARM.attributes
                0x00000585       0x2e c:/program files (x86)/gnu tools arm embedded/4.9 2015q3/bin/../lib/gcc/arm-none-eabi/4.9.3/../../../../arm-none-eabi/lib/armv7e-m\libc.a(lib_a-dtoa.o)
 .ARM.attributes
                0x000005b3       0x2e c:/program files (x86)/gnu tools arm embedded/4.9 2015q3/bin/../lib/gcc/arm-none-eabi/4.9.3/../../../../arm-none-eabi/lib/armv7e-m\libc.a(lib_a-impure.o)
 .ARM.attributes
                0x000005e1       0x2e c:/program files (x86)/gnu tools arm embedded/4.9 2015q3/bin/../lib/gcc/arm-none-eabi/4.9.3/../../../../arm-none-eabi/lib/armv7e-m\libc.a(lib_a-locale.o)
 .ARM.attributes
                0x0000060f       0x2e c:/program files (x86)/gnu tools arm embedded/4.9 2015q3/bin/../lib/gcc/arm-none-eabi/4.9.3/../../../../arm-none-eabi/lib/armv7e-m\libc.a(lib_a-mallocr.o)
 .ARM.attributes
                0x0000063d       0x2e c:/program files (x86)/gnu tools arm embedded/4.9 2015q3/bin/../lib/gcc/arm-none-eabi/4.9.3/../../../../arm-none-eabi/lib/armv7e-m\libc.a(lib_a-memchr.o)
 .ARM.attributes
                0x0000066b       0x1c c:/program files (x86)/gnu tools arm embedded/4.9 2015q3/bin/../lib/gcc/arm-none-eabi/4.9.3/../../../../arm-none-eabi/lib/armv7e-m\libc.a(lib_a-memcpy.o)
 .ARM.attributes
                0x00000687       0x2e c:/program files (x86)/gnu tools arm embedded/4.9 2015q3/bin/../lib/gcc/arm-none-eabi/4.9.3/../../../../arm-none-eabi/lib/armv7e-m\libc.a(lib_a-mlock.o)
 .ARM.attributes
                0x000006b5       0x2e c:/program files (x86)/gnu tools arm embedded/4.9 2015q3/bin/../lib/gcc/arm-none-eabi/4.9.3/../../../../arm-none-eabi/lib/armv7e-m\libc.a(lib_a-mprec.o)
 .ARM.attributes
                0x000006e3       0x2e c:/program files (x86)/gnu tools arm embedded/4.9 2015q3/bin/../lib/gcc/arm-none-eabi/4.9.3/../../../../arm-none-eabi/lib/armv7e-m\libc.a(lib_a-s_fpclassify.o)
 .ARM.attributes
                0x00000711       0x2e c:/program files (x86)/gnu tools arm embedded/4.9 2015q3/bin/../lib/gcc/arm-none-eabi/4.9.3/../../../../arm-none-eabi/lib/armv7e-m\libc.a(lib_a-sbrkr.o)
 .ARM.attributes
                0x0000073f       0x2e c:/program files (x86)/gnu tools arm embedded/4.9 2015q3/bin/../lib/gcc/arm-none-eabi/4.9.3/../../../../arm-none-eabi/lib/armv7e-m\libc.a(lib_a-svfiprintf.o)
 .ARM.attributes
                0x0000076d       0x2e c:/program files (x86)/gnu tools arm embedded/4.9 2015q3/bin/../lib/gcc/arm-none-eabi/4.9.3/../../../../arm-none-eabi/lib/armv7e-m\libc.a(lib_a-callocr.o)
 .ARM.attributes
                0x0000079b       0x2e c:/program files (x86)/gnu tools arm embedded/4.9 2015q3/bin/../lib/gcc/arm-none-eabi/4.9.3/../../../../arm-none-eabi/lib/armv7e-m\libc.a(lib_a-freer.o)
 .ARM.attributes
                0x000007c9       0x2e c:/program files (x86)/gnu tools arm embedded/4.9 2015q3/bin/../lib/gcc/arm-none-eabi/4.9.3/../../../../arm-none-eabi/lib/armv7e-m\libc.a(lib_a-memmove.o)
 .ARM.attributes
                0x000007f7       0x2e c:/program files (x86)/gnu tools arm embedded/4.9 2015q3/bin/../lib/gcc/arm-none-eabi/4.9.3/../../../../arm-none-eabi/lib/armv7e-m\libc.a(lib_a-memset.o)
 .ARM.attributes
                0x00000825       0x2e c:/program files (x86)/gnu tools arm embedded/4.9 2015q3/bin/../lib/gcc/arm-none-eabi/4.9.3/../../../../arm-none-eabi/lib/armv7e-m\libc.a(lib_a-reallocr.o)
 .ARM.attributes
                0x00000853       0x2e c:/program files (x86)/gnu tools arm embedded/4.9 2015q3/bin/../lib/gcc/arm-none-eabi/4.9.3/../../../../arm-none-eabi/lib/armv7e-m\libc.a(lib_a-reent.o)
 .ARM.attributes
                0x00000881       0x1e c:/program files (x86)/gnu tools arm embedded/4.9 2015q3/bin/../lib/gcc/arm-none-eabi/4.9.3/armv7e-m\libgcc.a(_arm_addsubdf3.o)
 .ARM.attributes
                0x0000089f       0x1e c:/program files (x86)/gnu tools arm embedded/4.9 2015q3/bin/../lib/gcc/arm-none-eabi/4.9.3/armv7e-m\libgcc.a(_arm_muldivdf3.o)
 .ARM.attributes
                0x000008bd       0x1e c:/program files (x86)/gnu tools arm embedded/4.9 2015q3/bin/../lib/gcc/arm-none-eabi/4.9.3/armv7e-m\libgcc.a(_arm_cmpdf2.o)
 .ARM.attributes
                0x000008db       0x1e c:/program files (x86)/gnu tools arm embedded/4.9 2015q3/bin/../lib/gcc/arm-none-eabi/4.9.3/armv7e-m\libgcc.a(_arm_fixdfsi.o)
 .ARM.attributes
                0x000008f9       0x1e c:/program files (x86)/gnu tools arm embedded/4.9 2015q3/bin/../lib/gcc/arm-none-eabi/4.9.3/armv7e-m\libgcc.a(_aeabi_uldivmod.o)
 .ARM.attributes
                0x00000917       0x2e c:/program files (x86)/gnu tools arm embedded/4.9 2015q3/bin/../lib/gcc/arm-none-eabi/4.9.3/armv7e-m\libgcc.a(bpabi.o)
 .ARM.attributes
                0x00000945       0x1e c:/program files (x86)/gnu tools arm embedded/4.9 2015q3/bin/../lib/gcc/arm-none-eabi/4.9.3/armv7e-m\libgcc.a(_dvmd_tls.o)
 .ARM.attributes
                0x00000963       0x2e c:/program files (x86)/gnu tools arm embedded/4.9 2015q3/bin/../lib/gcc/arm-none-eabi/4.9.3/armv7e-m\libgcc.a(_divdi3.o)
 .ARM.attributes
                0x00000991       0x2e c:/program files (x86)/gnu tools arm embedded/4.9 2015q3/bin/../lib/gcc/arm-none-eabi/4.9.3/armv7e-m\libgcc.a(_udivdi3.o)

.debug_frame    0x00000000     0x3d1c
 .debug_frame   0x00000000       0xf4 ..\obj\stm32f4xx_syscfg.o
 .debug_frame   0x000000f4      0x208 ..\obj\CAPA_ENLACE.o
 .debug_frame   0x000002fc      0x490 ..\obj\stm32f4xx_usart.o
 .debug_frame   0x0000078c       0x90 ..\obj\tiempo.o
 .debug_frame   0x0000081c       0xa4 ..\obj\temporizado.o
 .debug_frame   0x000008c0       0x4c ..\obj\startup_stm32f4xx.o
 .debug_frame   0x0000090c      0x160 ..\obj\app_sonar.o
 .debug_frame   0x00000a6c       0x54 ..\obj\FSM.o
 .debug_frame   0x00000ac0       0x88 ..\obj\main.o
 .debug_frame   0x00000b48      0x6d4 ..\obj\stm32f4xx_rcc.o
 .debug_frame   0x0000121c      0x2d4 ..\obj\io_lib.o
 .debug_frame   0x000014f0       0xa4 ..\obj\timers_app_sonar.o
 .debug_frame   0x00001594      0x16c ..\obj\control_IO.o
 .debug_frame   0x00001700       0xa4 ..\obj\timers_PC.o
 .debug_frame   0x000017a4      0x160 ..\obj\consola_PHY.o
 .debug_frame   0x00001904      0x23c ..\obj\stm32f4xx_gpio.o
 .debug_frame   0x00001b40       0x7c ..\obj\system_stm32f4xx.o
 .debug_frame   0x00001bbc      0x168 ..\obj\syscalls.o
 .debug_frame   0x00001d24      0x308 ..\obj\stm32f4xx_dma.o
 .debug_frame   0x0000202c       0xa4 ..\obj\mensajes.o
 .debug_frame   0x000020d0      0x10c ..\obj\consola.o
 .debug_frame   0x000021dc      0x22c ..\obj\configuracion_IO.o
 .debug_frame   0x00002408      0x148 ..\obj\stm32f4xx_exti.o
 .debug_frame   0x00002550       0xd8 ..\obj\misc.o
 .debug_frame   0x00002628      0xe54 ..\obj\stm32f4xx_tim.o
 .debug_frame   0x0000347c       0x84 c:/program files (x86)/gnu tools arm embedded/4.9 2015q3/bin/../lib/gcc/arm-none-eabi/4.9.3/../../../../arm-none-eabi/lib/armv7e-m\libc.a(lib_a-sprintf.o)
 .debug_frame   0x00003500       0x20 c:/program files (x86)/gnu tools arm embedded/4.9 2015q3/bin/../lib/gcc/arm-none-eabi/4.9.3/../../../../arm-none-eabi/lib/armv7e-m\libc.a(lib_a-strlen.o)
 .debug_frame   0x00003520       0x40 c:/program files (x86)/gnu tools arm embedded/4.9 2015q3/bin/../lib/gcc/arm-none-eabi/4.9.3/../../../../arm-none-eabi/lib/armv7e-m\libc.a(lib_a-svfprintf.o)
 .debug_frame   0x00003560       0x88 c:/program files (x86)/gnu tools arm embedded/4.9 2015q3/bin/../lib/gcc/arm-none-eabi/4.9.3/../../../../arm-none-eabi/lib/armv7e-m\libc.a(lib_a-dtoa.o)
 .debug_frame   0x000035e8       0x9c c:/program files (x86)/gnu tools arm embedded/4.9 2015q3/bin/../lib/gcc/arm-none-eabi/4.9.3/../../../../arm-none-eabi/lib/armv7e-m\libc.a(lib_a-locale.o)
 .debug_frame   0x00003684       0x58 c:/program files (x86)/gnu tools arm embedded/4.9 2015q3/bin/../lib/gcc/arm-none-eabi/4.9.3/../../../../arm-none-eabi/lib/armv7e-m\libc.a(lib_a-mallocr.o)
 .debug_frame   0x000036dc       0x3c c:/program files (x86)/gnu tools arm embedded/4.9 2015q3/bin/../lib/gcc/arm-none-eabi/4.9.3/../../../../arm-none-eabi/lib/armv7e-m\libc.a(lib_a-memchr.o)
 .debug_frame   0x00003718       0x30 c:/program files (x86)/gnu tools arm embedded/4.9 2015q3/bin/../lib/gcc/arm-none-eabi/4.9.3/../../../../arm-none-eabi/lib/armv7e-m\libc.a(lib_a-mlock.o)
 .debug_frame   0x00003748      0x268 c:/program files (x86)/gnu tools arm embedded/4.9 2015q3/bin/../lib/gcc/arm-none-eabi/4.9.3/../../../../arm-none-eabi/lib/armv7e-m\libc.a(lib_a-mprec.o)
 .debug_frame   0x000039b0       0x34 c:/program files (x86)/gnu tools arm embedded/4.9 2015q3/bin/../lib/gcc/arm-none-eabi/4.9.3/../../../../arm-none-eabi/lib/armv7e-m\libc.a(lib_a-s_fpclassify.o)
 .debug_frame   0x000039e4       0x2c c:/program files (x86)/gnu tools arm embedded/4.9 2015q3/bin/../lib/gcc/arm-none-eabi/4.9.3/../../../../arm-none-eabi/lib/armv7e-m\libc.a(lib_a-sbrkr.o)
 .debug_frame   0x00003a10       0x78 c:/program files (x86)/gnu tools arm embedded/4.9 2015q3/bin/../lib/gcc/arm-none-eabi/4.9.3/../../../../arm-none-eabi/lib/armv7e-m\libc.a(lib_a-svfiprintf.o)
 .debug_frame   0x00003a88       0x28 c:/program files (x86)/gnu tools arm embedded/4.9 2015q3/bin/../lib/gcc/arm-none-eabi/4.9.3/../../../../arm-none-eabi/lib/armv7e-m\libc.a(lib_a-callocr.o)
 .debug_frame   0x00003ab0       0x74 c:/program files (x86)/gnu tools arm embedded/4.9 2015q3/bin/../lib/gcc/arm-none-eabi/4.9.3/../../../../arm-none-eabi/lib/armv7e-m\libc.a(lib_a-freer.o)
 .debug_frame   0x00003b24       0x30 c:/program files (x86)/gnu tools arm embedded/4.9 2015q3/bin/../lib/gcc/arm-none-eabi/4.9.3/../../../../arm-none-eabi/lib/armv7e-m\libc.a(lib_a-memmove.o)
 .debug_frame   0x00003b54       0x34 c:/program files (x86)/gnu tools arm embedded/4.9 2015q3/bin/../lib/gcc/arm-none-eabi/4.9.3/../../../../arm-none-eabi/lib/armv7e-m\libc.a(lib_a-memset.o)
 .debug_frame   0x00003b88       0x60 c:/program files (x86)/gnu tools arm embedded/4.9 2015q3/bin/../lib/gcc/arm-none-eabi/4.9.3/../../../../arm-none-eabi/lib/armv7e-m\libc.a(lib_a-reallocr.o)
 .debug_frame   0x00003be8       0x58 c:/program files (x86)/gnu tools arm embedded/4.9 2015q3/bin/../lib/gcc/arm-none-eabi/4.9.3/../../../../arm-none-eabi/lib/armv7e-m\libc.a(lib_a-reent.o)
 .debug_frame   0x00003c40       0x28 c:/program files (x86)/gnu tools arm embedded/4.9 2015q3/bin/../lib/gcc/arm-none-eabi/4.9.3/armv7e-m\libgcc.a(_aeabi_uldivmod.o)
 .debug_frame   0x00003c68       0x50 c:/program files (x86)/gnu tools arm embedded/4.9 2015q3/bin/../lib/gcc/arm-none-eabi/4.9.3/armv7e-m\libgcc.a(bpabi.o)
 .debug_frame   0x00003cb8       0x34 c:/program files (x86)/gnu tools arm embedded/4.9 2015q3/bin/../lib/gcc/arm-none-eabi/4.9.3/armv7e-m\libgcc.a(_divdi3.o)
 .debug_frame   0x00003cec       0x30 c:/program files (x86)/gnu tools arm embedded/4.9 2015q3/bin/../lib/gcc/arm-none-eabi/4.9.3/armv7e-m\libgcc.a(_udivdi3.o)
