Archive member included because of file (symbol)

c:/program files (x86)/gnu tools arm embedded/4.9 2015q3/bin/../lib/gcc/arm-none-eabi/4.9.3/../../../../arm-none-eabi/lib/armv7e-m\libc.a(lib_a-sprintf.o)
                              ..\obj\CAPA_ENLACE.o (sprintf)
c:/program files (x86)/gnu tools arm embedded/4.9 2015q3/bin/../lib/gcc/arm-none-eabi/4.9.3/../../../../arm-none-eabi/lib/armv7e-m\libc.a(lib_a-strlen.o)
                              ..\obj\consola.o (strlen)
c:/program files (x86)/gnu tools arm embedded/4.9 2015q3/bin/../lib/gcc/arm-none-eabi/4.9.3/../../../../arm-none-eabi/lib/armv7e-m\libc.a(lib_a-svfprintf.o)
                              c:/program files (x86)/gnu tools arm embedded/4.9 2015q3/bin/../lib/gcc/arm-none-eabi/4.9.3/../../../../arm-none-eabi/lib/armv7e-m\libc.a(lib_a-sprintf.o) (_svfprintf_r)
c:/program files (x86)/gnu tools arm embedded/4.9 2015q3/bin/../lib/gcc/arm-none-eabi/4.9.3/../../../../arm-none-eabi/lib/armv7e-m\libc.a(lib_a-dtoa.o)
                              c:/program files (x86)/gnu tools arm embedded/4.9 2015q3/bin/../lib/gcc/arm-none-eabi/4.9.3/../../../../arm-none-eabi/lib/armv7e-m\libc.a(lib_a-svfprintf.o) (_dtoa_r)
c:/program files (x86)/gnu tools arm embedded/4.9 2015q3/bin/../lib/gcc/arm-none-eabi/4.9.3/../../../../arm-none-eabi/lib/armv7e-m\libc.a(lib_a-impure.o)
                              c:/program files (x86)/gnu tools arm embedded/4.9 2015q3/bin/../lib/gcc/arm-none-eabi/4.9.3/../../../../arm-none-eabi/lib/armv7e-m\libc.a(lib_a-sprintf.o) (_impure_ptr)
c:/program files (x86)/gnu tools arm embedded/4.9 2015q3/bin/../lib/gcc/arm-none-eabi/4.9.3/../../../../arm-none-eabi/lib/armv7e-m\libc.a(lib_a-locale.o)
                              c:/program files (x86)/gnu tools arm embedded/4.9 2015q3/bin/../lib/gcc/arm-none-eabi/4.9.3/../../../../arm-none-eabi/lib/armv7e-m\libc.a(lib_a-svfprintf.o) (_localeconv_r)
c:/program files (x86)/gnu tools arm embedded/4.9 2015q3/bin/../lib/gcc/arm-none-eabi/4.9.3/../../../../arm-none-eabi/lib/armv7e-m\libc.a(lib_a-mallocr.o)
                              c:/program files (x86)/gnu tools arm embedded/4.9 2015q3/bin/../lib/gcc/arm-none-eabi/4.9.3/../../../../arm-none-eabi/lib/armv7e-m\libc.a(lib_a-svfprintf.o) (_malloc_r)
c:/program files (x86)/gnu tools arm embedded/4.9 2015q3/bin/../lib/gcc/arm-none-eabi/4.9.3/../../../../arm-none-eabi/lib/armv7e-m\libc.a(lib_a-memchr.o)
                              c:/program files (x86)/gnu tools arm embedded/4.9 2015q3/bin/../lib/gcc/arm-none-eabi/4.9.3/../../../../arm-none-eabi/lib/armv7e-m\libc.a(lib_a-svfprintf.o) (memchr)
c:/program files (x86)/gnu tools arm embedded/4.9 2015q3/bin/../lib/gcc/arm-none-eabi/4.9.3/../../../../arm-none-eabi/lib/armv7e-m\libc.a(lib_a-memcpy.o)
                              c:/program files (x86)/gnu tools arm embedded/4.9 2015q3/bin/../lib/gcc/arm-none-eabi/4.9.3/../../../../arm-none-eabi/lib/armv7e-m\libc.a(lib_a-dtoa.o) (memcpy)
c:/program files (x86)/gnu tools arm embedded/4.9 2015q3/bin/../lib/gcc/arm-none-eabi/4.9.3/../../../../arm-none-eabi/lib/armv7e-m\libc.a(lib_a-mlock.o)
                              c:/program files (x86)/gnu tools arm embedded/4.9 2015q3/bin/../lib/gcc/arm-none-eabi/4.9.3/../../../../arm-none-eabi/lib/armv7e-m\libc.a(lib_a-mallocr.o) (__malloc_lock)
c:/program files (x86)/gnu tools arm embedded/4.9 2015q3/bin/../lib/gcc/arm-none-eabi/4.9.3/../../../../arm-none-eabi/lib/armv7e-m\libc.a(lib_a-mprec.o)
                              c:/program files (x86)/gnu tools arm embedded/4.9 2015q3/bin/../lib/gcc/arm-none-eabi/4.9.3/../../../../arm-none-eabi/lib/armv7e-m\libc.a(lib_a-dtoa.o) (_Balloc)
c:/program files (x86)/gnu tools arm embedded/4.9 2015q3/bin/../lib/gcc/arm-none-eabi/4.9.3/../../../../arm-none-eabi/lib/armv7e-m\libc.a(lib_a-s_fpclassify.o)
                              c:/program files (x86)/gnu tools arm embedded/4.9 2015q3/bin/../lib/gcc/arm-none-eabi/4.9.3/../../../../arm-none-eabi/lib/armv7e-m\libc.a(lib_a-svfprintf.o) (__fpclassifyd)
c:/program files (x86)/gnu tools arm embedded/4.9 2015q3/bin/../lib/gcc/arm-none-eabi/4.9.3/../../../../arm-none-eabi/lib/armv7e-m\libc.a(lib_a-sbrkr.o)
                              c:/program files (x86)/gnu tools arm embedded/4.9 2015q3/bin/../lib/gcc/arm-none-eabi/4.9.3/../../../../arm-none-eabi/lib/armv7e-m\libc.a(lib_a-mallocr.o) (_sbrk_r)
c:/program files (x86)/gnu tools arm embedded/4.9 2015q3/bin/../lib/gcc/arm-none-eabi/4.9.3/../../../../arm-none-eabi/lib/armv7e-m\libc.a(lib_a-strcmp.o)
                              c:/program files (x86)/gnu tools arm embedded/4.9 2015q3/bin/../lib/gcc/arm-none-eabi/4.9.3/../../../../arm-none-eabi/lib/armv7e-m\libc.a(lib_a-locale.o) (strcmp)
c:/program files (x86)/gnu tools arm embedded/4.9 2015q3/bin/../lib/gcc/arm-none-eabi/4.9.3/../../../../arm-none-eabi/lib/armv7e-m\libc.a(lib_a-svfiprintf.o)
[...]
Memory Configuration

Name             Origin             Length             Attributes
rom              0x08000000         0x00100000         xr
ram              0x20000000         0x00020000         xrw
ram1             0x10000000         0x00010000         xrw
*default*        0x00000000         0xffffffff

Linker script and memory map

                0x20020000                _eram = 0x20020000

.text           0x08000000     0x7dd8
 *(.isr_vector)
 .isr_vector    0x08000000      0x188 ..\obj\startup_stm32f4xx.o
                0x08000000                g_pfnVectors
 *(.text*)
 .text.SYSCFG_EXTILineConfig
                0x08000188       0x84 ..\obj\stm32f4xx_syscfg.o
                0x08000188                SYSCFG_EXTILineConfig
 .text.SYSCFG_CompensationCellCmd
                0x0800020c       0x20 ..\obj\stm32f4xx_syscfg.o
                0x0800020c                SYSCFG_CompensationCellCmd
 .text.CAPA_ENLACE_Init
                0x0800022c       0x80 ..\obj\CAPA_ENLACE.o
                0x0800022c                CAPA_ENLACE_Init
 .text.ACK      0x080002ac       0x2c ..\obj\CAPA_ENLACE.o
                0x080002ac                ACK
 .text.ACK_STOP
                0x080002d8       0x4c ..\obj\CAPA_ENLACE.o
                0x080002d8                ACK_STOP
 .text.EFD      0x08000324       0x28 ..\obj\CAPA_ENLACE.o
                0x08000324                EFD
 .text.EF_DISABLE_DCL_INPUT
                0x0800034c       0x24 ..\obj\CAPA_ENLACE.o
                0x0800034c                EF_DISABLE_DCL_INPUT
 .text.EF_DISABLE_DCL_OUTPUT
                0x08000370       0x24 ..\obj\CAPA_ENLACE.o
                0x08000370                EF_DISABLE_DCL_OUTPUT
 .text.EF_STATREQ_DCL_INPUT
                0x08000394       0x24 ..\obj\CAPA_ENLACE.o
                0x08000394                EF_STATREQ_DCL_INPUT
 .text.EF_STATREQ_DCL_OUTPUT
                0x080003b8       0x24 ..\obj\CAPA_ENLACE.o
                0x080003b8                EF_STATREQ_DCL_OUTPUT
 .text.EF_INPUT
                0x080003dc       0x24 ..\obj\CAPA_ENLACE.o
                0x080003dc                EF_INPUT
 .text.EF_OUTPUT
                0x08000400       0x24 ..\obj\CAPA_ENLACE.o
                0x08000400                EF_OUTPUT
 .text.resetear_ICI
                0x08000424       0x20 ..\obj\CAPA_ENLACE.o
                0x08000424                resetear_ICI
 .text.EXTI0_IRQHandler
                0x08000444       0x3c ..\obj\CAPA_ENLACE.o
                0x08000444                EXTI0_IRQHandler
 .text.EXTI1_IRQHandler
                0x08000480       0xec ..\obj\CAPA_ENLACE.o
                0x08000480                EXTI1_IRQHandler
 .text.EXTI2_IRQHandler
                0x0800056c      0x140 ..\obj\CAPA_ENLACE.o
                0x0800056c                EXTI2_IRQHandler
 .text.EXTI3_IRQHandler
                0x080006ac       0xec ..\obj\CAPA_ENLACE.o
                0x080006ac                EXTI3_IRQHandler
 .text.USART_Init
                0x08000798      0x178 ..\obj\stm32f4xx_usart.o
                0x08000798                USART_Init
 .text.USART_Cmd
                0x08000910       0x40 ..\obj\stm32f4xx_usart.o
                0x08000910                USART_Cmd
 .text.USART_DMACmd
                0x08000950       0x48 ..\obj\stm32f4xx_usart.o
                0x08000950                USART_DMACmd
 .text.USART_GetFlagStatus
                0x08000998       0x38 ..\obj\stm32f4xx_usart.o
                0x08000998                USART_GetFlagStatus
 .text.USART_ClearFlag
                0x080009d0       0x20 ..\obj\stm32f4xx_usart.o
                0x080009d0                USART_ClearFlag
 .text.retardo_250ns
                0x080009f0       0x3c ..\obj\tiempo.o
                0x080009f0                retardo_250ns
 .text.retardo_1us
                0x08000a2c       0x18 ..\obj\tiempo.o
                0x08000a2c                retardo_1us
 .text.retardo_50ns
                0x08000a44       0x10 ..\obj\tiempo.o
                0x08000a44                retardo_50ns
 .text.retardo_us
                0x08000a54       0x28 ..\obj\tiempo.o
                0x08000a54                retardo_us
 .text.configurar_timeOut_FSM_500
                0x08000a7c       0x70 ..\obj\temporizado.o
                0x08000a7c                configurar_timeOut_FSM_500
 .text.iniciar_timeOut_FSM_500
                0x08000aec       0x14 ..\obj\temporizado.o
                0x08000aec                iniciar_timeOut_FSM_500
 .text.reiniciar_timeOut_FSM_500
                0x08000b00       0x1c ..\obj\temporizado.o
                0x08000b00                reiniciar_timeOut_FSM_500
 .text.parar_timeOut_FSM_500
                0x08000b1c       0x14 ..\obj\temporizado.o
                0x08000b1c                parar_timeOut_FSM_500
 .text.TIM5_IRQHandler
                0x08000b30       0x24 ..\obj\temporizado.o
                0x08000b30                TIM5_IRQHandler
 .text.Default_Reset_Handler
                0x08000b54       0x58 ..\obj\startup_stm32f4xx.o
                0x08000b54                Default_Reset_Handler
                0x08000b54                Reset_Handler
 .text.Default_Handler
                0x08000bac        0x8 ..\obj\startup_stm32f4xx.o
                0x08000bac                RTC_Alarm_IRQHandler
                0x08000bac                HASH_RNG_IRQHandler
                0x08000bac                TIM8_CC_IRQHandler
                0x08000bac                DebugMon_Handler
                0x08000bac                TIM1_CC_IRQHandler
                0x08000bac                DMA2_Stream5_IRQHandler
                0x08000bac                HardFault_Handler
                0x08000bac                DMA1_Stream5_IRQHandler
                0x08000bac                SysTick_Handler
                0x08000bac                PVD_IRQHandler
                0x08000bac                SDIO_IRQHandler
                0x08000bac                TAMP_STAMP_IRQHandler
                0x08000bac                PendSV_Handler
                0x08000bac                NMI_Handler
                0x08000bac                CAN2_RX1_IRQHandler
                0x08000bac                TIM8_TRG_COM_TIM14_IRQHandler
                0x08000bac                TIM1_UP_TIM10_IRQHandler
                0x08000bac                TIM8_UP_TIM13_IRQHandler
                0x08000bac                I2C3_ER_IRQHandler
                0x08000bac                I2C2_EV_IRQHandler
                0x08000bac                CAN1_RX0_IRQHandler
                0x08000bac                FPU_IRQHandler
                0x08000bac                OTG_HS_WKUP_IRQHandler
                0x08000bac                UsageFault_Handler
                0x08000bac                CAN2_SCE_IRQHandler
                0x08000bac                DMA2_Stream2_IRQHandler
                0x08000bac                SPI1_IRQHandler
                0x08000bac                TIM1_BRK_TIM9_IRQHandler
                0x08000bac                DCMI_IRQHandler
                0x08000bac                CAN2_RX0_IRQHandler
                0x08000bac                DMA2_Stream3_IRQHandler
                0x08000bac                USART6_IRQHandler
                0x08000bac                USART3_IRQHandler
                0x08000bac                CRYP_IRQHandler
                0x08000bac                CAN1_RX1_IRQHandler
                0x08000bac                UART5_IRQHandler
                0x08000bac                DMA2_Stream0_IRQHandler
                0x08000bac                TIM4_IRQHandler
                0x08000bac                I2C1_EV_IRQHandler
                0x08000bac                DMA1_Stream6_IRQHandler
                0x08000bac                DMA1_Stream1_IRQHandler
                0x08000bac                UART4_IRQHandler
                0x08000bac                TIM3_IRQHandler
                0x08000bac                RCC_IRQHandler
                0x08000bac                TIM8_BRK_TIM12_IRQHandler
                0x08000bac                EXTI15_10_IRQHandler
                0x08000bac                ADC_IRQHandler
                0x08000bac                DMA1_Stream7_IRQHandler
                0x08000bac                CAN2_TX_IRQHandler
                0x08000bac                DMA2_Stream7_IRQHandler
                0x08000bac                I2C3_EV_IRQHandler
                0x08000bac                EXTI9_5_IRQHandler
                0x08000bac                RTC_WKUP_IRQHandler
                0x08000bac                ETH_WKUP_IRQHandler
                0x08000bac                SPI2_IRQHandler
                0x08000bac                OTG_HS_EP1_IN_IRQHandler
                0x08000bac                MemManage_Handler
                0x08000bac                DMA1_Stream0_IRQHandler
                0x08000bac                CAN1_TX_IRQHandler
                0x08000bac                SVC_Handler
                0x08000bac                EXTI4_IRQHandler
                0x08000bac                FSMC_IRQHandler
                0x08000bac                ETH_IRQHandler
                0x08000bac                OTG_HS_EP1_OUT_IRQHandler
                0x08000bac                WWDG_IRQHandler
                0x08000bac                TIM2_IRQHandler
                0x08000bac                OTG_FS_WKUP_IRQHandler
                0x08000bac                TIM1_TRG_COM_TIM11_IRQHandler
                0x08000bac                OTG_HS_IRQHandler
                0x08000bac                USART2_IRQHandler
                0x08000bac                I2C2_ER_IRQHandler
                0x08000bac                DMA2_Stream1_IRQHandler
                0x08000bac                CAN1_SCE_IRQHandler
                0x08000bac                FLASH_IRQHandler
                0x08000bac                DMA2_Stream4_IRQHandler
                0x08000bac                BusFault_Handler
                0x08000bac                USART1_IRQHandler
                0x08000bac                OTG_FS_IRQHandler
                0x08000bac                SPI3_IRQHandler
                0x08000bac                DMA1_Stream4_IRQHandler
                0x08000bac                I2C1_ER_IRQHandler
                0x08000bac                DMA2_Stream6_IRQHandler
                0x08000bac                DMA1_Stream3_IRQHandler
 .text.app_sonar_init
                0x08000bb4       0x8c ..\obj\app_sonar.o
                0x08000bb4                app_sonar_init
 .text.leerDatosICI
                0x08000c40      0x128 ..\obj\app_sonar.o
                0x08000c40                leerDatosICI
 .text.escribirDatosICI
                0x08000d68      0x144 ..\obj\app_sonar.o
                0x08000d68                escribirDatosICI
 .text.verificarEstadoInput
                0x08000eac       0x28 ..\obj\app_sonar.o
                0x08000eac                verificarEstadoInput
 .text.verificarEstadoOutput
                0x08000ed4       0x28 ..\obj\app_sonar.o
                0x08000ed4                verificarEstadoOutput
 .text.protocoloEmergenciaInput
                0x08000efc        0xc ..\obj\app_sonar.o
                0x08000efc                protocoloEmergenciaInput
 .text.protocoloEmergenciaOutput
                0x08000f08        0xc ..\obj\app_sonar.o
                0x08000f08                protocoloEmergenciaOutput
 .text.protocoloErrorTransporteInput
                0x08000f14        0xc ..\obj\app_sonar.o
                0x08000f14                protocoloErrorTransporteInput
 .text.protocoloErrorTransporteOutput
                0x08000f20       0x14 ..\obj\app_sonar.o
                0x08000f20                protocoloErrorTransporteOutput
 .text.verificarSysOnLocal
                0x08000f34       0x14 ..\obj\app_sonar.o
                0x08000f34                verificarSysOnLocal
 .text.verificarSysOnDHC
                0x08000f48       0x14 ..\obj\app_sonar.o
                0x08000f48                verificarSysOnDHC
 .text.FSM_Init
                0x08000f5c       0x18 ..\obj\FSM.o
                0x08000f5c                FSM_Init
 .text.scheduler
                0x08000f74      0x224 ..\obj\FSM.o
                0x08000f74                scheduler
 .text.main     0x08001198       0x30 ..\obj\main.o
                0x08001198                main
 .text.RCC_GetClocksFreq
                0x080011c8      0x154 ..\obj\stm32f4xx_rcc.o
                0x080011c8                RCC_GetClocksFreq
 .text.RCC_AHB1PeriphClockCmd
                0x0800131c       0x3c ..\obj\stm32f4xx_rcc.o
                0x0800131c                RCC_AHB1PeriphClockCmd
 .text.RCC_APB1PeriphClockCmd
                0x08001358       0x3c ..\obj\stm32f4xx_rcc.o
                0x08001358                RCC_APB1PeriphClockCmd
 .text.RCC_APB2PeriphClockCmd
                0x08001394       0x3c ..\obj\stm32f4xx_rcc.o
                0x08001394                RCC_APB2PeriphClockCmd
 .text.configurar_io
                0x080013d0       0x40 ..\obj\io_lib.o
                0x080013d0                configurar_io
 .text.configurar_SysOnSonar
                0x08001410       0x38 ..\obj\io_lib.o
                0x08001410                configurar_SysOnSonar
 .text.configurar_SysOnDaisy
                0x08001448       0x38 ..\obj\io_lib.o
                0x08001448                configurar_SysOnDaisy
 .text.configurar_LED_Error_PC
                0x08001480       0x38 ..\obj\io_lib.o
                0x08001480                configurar_LED_Error_PC
 .text.configurar_LED_Error_ICI_ET
                0x080014b8       0x38 ..\obj\io_lib.o
                0x080014b8                configurar_LED_Error_ICI_ET
 .text.configurar_LED_Error_ICI_TO
                0x080014f0       0x38 ..\obj\io_lib.o
                0x080014f0                configurar_LED_Error_ICI_TO
 .text.configurar_LED_Error_ICI_Enc_DHC
                0x08001528       0x38 ..\obj\io_lib.o
                0x08001528                configurar_LED_Error_ICI_Enc_DHC
 .text.configurar_LED_Error_ICI_Enc_Sonar
                0x08001560       0x38 ..\obj\io_lib.o
                0x08001560                configurar_LED_Error_ICI_Enc_Sonar
 .text.configurar_LED_OnLine
                0x08001598       0x38 ..\obj\io_lib.o
                0x08001598                configurar_LED_OnLine
 .text.encender_LED_Error_ICI_ET
                0x080015d0       0x14 ..\obj\io_lib.o
                0x080015d0                encender_LED_Error_ICI_ET
 .text.encender_LED_Error_ICI_TO
                0x080015e4       0x14 ..\obj\io_lib.o
                0x080015e4                encender_LED_Error_ICI_TO
 .text.apagar_LED_Error_PC
                0x080015f8       0x14 ..\obj\io_lib.o
                0x080015f8                apagar_LED_Error_PC
 .text.apagar_LED_Error_ICI_ET
                0x0800160c       0x14 ..\obj\io_lib.o
                0x0800160c                apagar_LED_Error_ICI_ET
 .text.apagar_LED_Error_ICI_TO
                0x08001620       0x14 ..\obj\io_lib.o
                0x08001620                apagar_LED_Error_ICI_TO
 .text.apagar_LED_Error_ICI_Enc_DHC
                0x08001634       0x14 ..\obj\io_lib.o
                0x08001634                apagar_LED_Error_ICI_Enc_DHC
 .text.apagar_LED_Error_ICI_Enc_Sonar
                0x08001648       0x14 ..\obj\io_lib.o
                0x08001648                apagar_LED_Error_ICI_Enc_Sonar
 .text.apagar_LED_OnLine
                0x0800165c       0x14 ..\obj\io_lib.o
                0x0800165c                apagar_LED_OnLine
 .text.leer_SysOn_Sonar
                0x08001670       0x20 ..\obj\io_lib.o
                0x08001670                leer_SysOn_Sonar
 .text.leer_SysOn_DHC
                0x08001690       0x20 ..\obj\io_lib.o
                0x08001690                leer_SysOn_DHC
 .text.configurar_timeOut_sonar
                0x080016b0       0x70 ..\obj\timers_app_sonar.o
                0x080016b0                configurar_timeOut_sonar
 .text.iniciar_timeOut_sonar
                0x08001720       0x14 ..\obj\timers_app_sonar.o
                0x08001720                iniciar_timeOut_sonar
 .text.parar_timeOut_sonar
                0x08001734       0x14 ..\obj\timers_app_sonar.o
                0x08001734                parar_timeOut_sonar
 .text.TIM6_DAC_IRQHandler
                0x08001748       0x28 ..\obj\timers_app_sonar.o
                0x08001748                TIM6_DAC_IRQHandler
 .text.habilitar_reloj
                0x08001770       0x10 ..\obj\control_IO.o
                0x08001770                habilitar_reloj
 .text.deshabilitar_reloj
                0x08001780       0x10 ..\obj\control_IO.o
                0x08001780                deshabilitar_reloj
 .text.leer_RQ  0x08001790       0x20 ..\obj\control_IO.o
                0x08001790                leer_RQ
 .text.leer_EIP
                0x080017b0       0x20 ..\obj\control_IO.o
                0x080017b0                leer_EIP
 .text.leer_IDRP
                0x080017d0       0x20 ..\obj\control_IO.o
                0x080017d0                leer_IDRP
 .text.leer_ODRP
                0x080017f0       0x20 ..\obj\control_IO.o
                0x080017f0                leer_ODRP
 .text.leer_puerto_I
                0x08001810       0x54 ..\obj\control_IO.o
                0x08001810                leer_puerto_I
 .text.leer_puertoDA
                0x08001864       0xa8 ..\obj\control_IO.o
                0x08001864                leer_puertoDA
 .text.escribir_puerto_U
                0x0800190c       0x70 ..\obj\control_IO.o
                0x0800190c                escribir_puerto_U
 .text.poner_salidas_alto
                0x0800197c       0x3c ..\obj\control_IO.o
                0x0800197c                poner_salidas_alto
 .text.negar_24bits
                0x080019b8       0x1c ..\obj\control_IO.o
                0x080019b8                negar_24bits
 .text.parar_timeOut_PC
                0x080019d4       0x14 ..\obj\timers_PC.o
                0x080019d4                parar_timeOut_PC
 .text.TIM7_IRQHandler
                0x080019e8       0x28 ..\obj\timers_PC.o
                0x080019e8                TIM7_IRQHandler
 .text.UART_PHY_init
                0x08001a10       0x80 ..\obj\consola_PHY.o
                0x08001a10                UART_PHY_init
 .text.configurar_UART_TX_pin
                0x08001a90       0x44 ..\obj\consola_PHY.o
                0x08001a90                configurar_UART_TX_pin
 .text.configurar_UART_TX
                0x08001ad4       0x48 ..\obj\consola_PHY.o
                0x08001ad4                configurar_UART_TX
 .text.configurar_UART_TX_DMA
                0x08001b1c       0x9c ..\obj\consola_PHY.o
                0x08001b1c                configurar_UART_TX_DMA
 .text.enviarDataOutput
                0x08001bb8       0x90 ..\obj\consola_PHY.o
                0x08001bb8                enviarDataOutput
 .text.configurar_UART_RX_pin
                0x08001c48       0x44 ..\obj\consola_PHY.o
                0x08001c48                configurar_UART_RX_pin
 .text.configurar_UART_RX
                0x08001c8c       0x50 ..\obj\consola_PHY.o
                0x08001c8c                configurar_UART_RX
 .text.configurar_UART_RX_DMA
                0x08001cdc       0xc0 ..\obj\consola_PHY.o
                0x08001cdc                configurar_UART_RX_DMA
 .text.DMA1_Stream2_IRQHandler
                0x08001d9c       0x34 ..\obj\consola_PHY.o
                0x08001d9c                DMA1_Stream2_IRQHandler
 .text.GPIO_Init
                0x08001dd0      0x11c ..\obj\stm32f4xx_gpio.o
                0x08001dd0                GPIO_Init
 .text.GPIO_ReadInputDataBit
                0x08001eec       0x34 ..\obj\stm32f4xx_gpio.o
                0x08001eec                GPIO_ReadInputDataBit
 .text.GPIO_ReadInputData
                0x08001f20       0x1c ..\obj\stm32f4xx_gpio.o
                0x08001f20                GPIO_ReadInputData
 .text.GPIO_SetBits
                0x08001f3c       0x1c ..\obj\stm32f4xx_gpio.o
                0x08001f3c                GPIO_SetBits
 .text.GPIO_ResetBits
                0x08001f58       0x1c ..\obj\stm32f4xx_gpio.o
                0x08001f58                GPIO_ResetBits
 .text.GPIO_Write
                0x08001f74       0x1c ..\obj\stm32f4xx_gpio.o
                0x08001f74                GPIO_Write
 .text.GPIO_ToggleBits
                0x08001f90       0x24 ..\obj\stm32f4xx_gpio.o
                0x08001f90                GPIO_ToggleBits
 .text.GPIO_PinAFConfig
                0x08001fb4       0x90 ..\obj\stm32f4xx_gpio.o
                0x08001fb4                GPIO_PinAFConfig
 .text.SystemInit
                0x08002044       0x58 ..\obj\system_stm32f4xx.o
                0x08002044                SystemInit
 .text.SystemCoreClockUpdate
                0x0800209c       0xf8 ..\obj\system_stm32f4xx.o
                0x0800209c                SystemCoreClockUpdate
 .text.SetSysClock
                0x08002194       0xf4 ..\obj\system_stm32f4xx.o
 .text._sbrk    0x08002288       0x40 ..\obj\syscalls.o
                0x08002288                _sbrk
 .text.DMA_DeInit
                0x080022c8      0x1a4 ..\obj\stm32f4xx_dma.o
                0x080022c8                DMA_DeInit
 .text.DMA_Init
                0x0800246c       0xac ..\obj\stm32f4xx_dma.o
                0x0800246c                DMA_Init
 .text.DMA_Cmd  0x08002518       0x38 ..\obj\stm32f4xx_dma.o
                0x08002518                DMA_Cmd
 .text.DMA_ClearFlag
                0x08002550       0x5c ..\obj\stm32f4xx_dma.o
                0x08002550                DMA_ClearFlag
 .text.DMA_ITConfig
                0x080025ac       0x74 ..\obj\stm32f4xx_dma.o
                0x080025ac                DMA_ITConfig
 .text.inicializarMensajes
                0x08002620       0xb0 ..\obj\mensajes.o
                0x08002620                inicializarMensajes
 .text.mensajeInicialICIOutput
                0x080026d0       0x54 ..\obj\mensajes.o
                0x080026d0                mensajeInicialICIOutput
 .text.inicializar_consola
                0x08002724       0x14 ..\obj\consola.o
                0x08002724                inicializar_consola
 .text.VCP_send_str
                0x08002738       0x20 ..\obj\consola.o
                0x08002738                VCP_send_str
 .text.protocoloEmergenciaPCInput
                0x08002758       0x10 ..\obj\consola.o
                0x08002758                protocoloEmergenciaPCInput
 .text.CAPA_FISICA_Init
                0x08002768       0x88 ..\obj\configuracion_IO.o
                0x08002768                CAPA_FISICA_Init
 .text.encender_puertos
                0x080027f0       0x38 ..\obj\configuracion_IO.o
                0x080027f0                encender_puertos
 .text.configurar_puerto_U
                0x08002828       0x60 ..\obj\configuracion_IO.o
                0x08002828                configurar_puerto_U
 .text.configurar_puerto_I
                0x08002888       0x64 ..\obj\configuracion_IO.o
                0x08002888                configurar_puerto_I
 .text.configurar_DA
                0x080028ec       0x64 ..\obj\configuracion_IO.o
                0x080028ec                configurar_DA
 .text.configurarRQ
                0x08002950       0x34 ..\obj\configuracion_IO.o
                0x08002950                configurarRQ
 .text.configurarRQ_INT
                0x08002984       0x54 ..\obj\configuracion_IO.o
                0x08002984                configurarRQ_INT
 .text.configurarEIP
                0x080029d8       0x34 ..\obj\configuracion_IO.o
                0x080029d8                configurarEIP
 .text.configurarEIP_INT
                0x08002a0c       0x54 ..\obj\configuracion_IO.o
                0x08002a0c                configurarEIP_INT
 .text.configurarIDRP
                0x08002a60       0x34 ..\obj\configuracion_IO.o
                0x08002a60                configurarIDRP
 .text.configurarIDRP_INT
                0x08002a94       0x54 ..\obj\configuracion_IO.o
                0x08002a94                configurarIDRP_INT
 .text.configurarODRP
                0x08002ae8       0x34 ..\obj\configuracion_IO.o
                0x08002ae8                configurarODRP
 .text.configurarODRP_INT
                0x08002b1c       0x54 ..\obj\configuracion_IO.o
                0x08002b1c                configurarODRP_INT
 .text.configurarRESD
                0x08002b70       0x34 ..\obj\configuracion_IO.o
                0x08002b70                configurarRESD
 .text.configurarEFD
                0x08002ba4       0x34 ..\obj\configuracion_IO.o
                0x08002ba4                configurarEFD
 .text.configurarEN
                0x08002bd8       0x38 ..\obj\configuracion_IO.o
                0x08002bd8                configurarEN
 .text.configurarSTOP
                0x08002c10       0x38 ..\obj\configuracion_IO.o
                0x08002c10                configurarSTOP
 .text.configurarACK
                0x08002c48       0x38 ..\obj\configuracion_IO.o
                0x08002c48                configurarACK
 .text.configurarCLOCK
                0x08002c80       0xb0 ..\obj\configuracion_IO.o
                0x08002c80                configurarCLOCK
 .text.EXTI_Init
                0x08002d30       0xe4 ..\obj\stm32f4xx_exti.o
                0x08002d30                EXTI_Init
 .text.EXTI_ClearFlag
                0x08002e14       0x1c ..\obj\stm32f4xx_exti.o
                0x08002e14                EXTI_ClearFlag
 .text.EXTI_ClearITPendingBit
                0x08002e30       0x1c ..\obj\stm32f4xx_exti.o
                0x08002e30                EXTI_ClearITPendingBit
 .text.NVIC_PriorityGroupConfig
                0x08002e4c       0x24 ..\obj\misc.o
                0x08002e4c                NVIC_PriorityGroupConfig
 .text.NVIC_Init
                0x08002e70       0xc0 ..\obj\misc.o
                0x08002e70                NVIC_Init
 .text.TIM_TimeBaseInit
                0x08002f30       0xd4 ..\obj\stm32f4xx_tim.o
                0x08002f30                TIM_TimeBaseInit
 .text.TIM_SetCounter
                0x08003004       0x1c ..\obj\stm32f4xx_tim.o
                0x08003004                TIM_SetCounter
 .text.TIM_Cmd  0x08003020       0x40 ..\obj\stm32f4xx_tim.o
                0x08003020                TIM_Cmd
 .text.TIM_OC2Init
                0x08003060      0x110 ..\obj\stm32f4xx_tim.o
                0x08003060                TIM_OC2Init
 .text.TIM_CtrlPWMOutputs
                0x08003170       0x4c ..\obj\stm32f4xx_tim.o
                0x08003170                TIM_CtrlPWMOutputs
 .text.TIM_ITConfig
                0x080031bc       0x48 ..\obj\stm32f4xx_tim.o
                0x080031bc                TIM_ITConfig
 .text.TIM_ClearFlag
                0x08003204       0x20 ..\obj\stm32f4xx_tim.o
                0x08003204                TIM_ClearFlag
 .text.TIM_ClearITPendingBit
                0x08003224       0x20 ..\obj\stm32f4xx_tim.o
                0x08003224                TIM_ClearITPendingBit
 .text.sprintf  0x08003244       0x4c c:/program files (x86)/gnu tools arm embedded/4.9 2015q3/bin/../lib/gcc/arm-none-eabi/4.9.3/../../../../arm-none-eabi/lib/armv7e-m\libc.a(lib_a-sprintf.o)
                0x08003244                sprintf
 .text.strlen   0x08003290       0x5c c:/program files (x86)/gnu tools arm embedded/4.9 2015q3/bin/../lib/gcc/arm-none-eabi/4.9.3/../../../../arm-none-eabi/lib/armv7e-m\libc.a(lib_a-strlen.o)
                0x08003290                strlen
 .text._svfprintf_r
                0x080032ec     0x1494 c:/program files (x86)/gnu tools arm embedded/4.9 2015q3/bin/../lib/gcc/arm-none-eabi/4.9.3/../../../../arm-none-eabi/lib/armv7e-m\libc.a(lib_a-svfprintf.o)
                0x080032ec                _svfprintf_r
 .text.quorem   0x08004780      0x12c c:/program files (x86)/gnu tools arm embedded/4.9 2015q3/bin/../lib/gcc/arm-none-eabi/4.9.3/../../../../arm-none-eabi/lib/armv7e-m\libc.a(lib_a-dtoa.o)
 *fill*         0x080048ac        0x4 
 .text._dtoa_r  0x080048b0      0xe94 c:/program files (x86)/gnu tools arm embedded/4.9 2015q3/bin/../lib/gcc/arm-none-eabi/4.9.3/../../../../arm-none-eabi/lib/armv7e-m\libc.a(lib_a-dtoa.o)
                0x080048b0                _dtoa_r
 .text._localeconv_r
                0x08005744        0x8 c:/program files (x86)/gnu tools arm embedded/4.9 2015q3/bin/../lib/gcc/arm-none-eabi/4.9.3/../../../../arm-none-eabi/lib/armv7e-m\libc.a(lib_a-locale.o)
                0x08005744                _localeconv_r
 .text._malloc_r
                0x0800574c      0x524 c:/program files (x86)/gnu tools arm embedded/4.9 2015q3/bin/../lib/gcc/arm-none-eabi/4.9.3/../../../../arm-none-eabi/lib/armv7e-m\libc.a(lib_a-mallocr.o)
                0x0800574c                _malloc_r
 .text.memchr   0x08005c70       0x94 c:/program files (x86)/gnu tools arm embedded/4.9 2015q3/bin/../lib/gcc/arm-none-eabi/4.9.3/../../../../arm-none-eabi/lib/armv7e-m\libc.a(lib_a-memchr.o)
                0x08005c70                memchr
 .text          0x08005d04      0x134 c:/program files (x86)/gnu tools arm embedded/4.9 2015q3/bin/../lib/gcc/arm-none-eabi/4.9.3/../../../../arm-none-eabi/lib/armv7e-m\libc.a(lib_a-memcpy.o)
                0x08005d04                memcpy
 .text.__malloc_lock
                0x08005e38        0x4 c:/program files (x86)/gnu tools arm embedded/4.9 2015q3/bin/../lib/gcc/arm-none-eabi/4.9.3/../../../../arm-none-eabi/lib/armv7e-m\libc.a(lib_a-mlock.o)
                0x08005e38                __malloc_lock
 .text.__malloc_unlock
                0x08005e3c        0x4 c:/program files (x86)/gnu tools arm embedded/4.9 2015q3/bin/../lib/gcc/arm-none-eabi/4.9.3/../../../../arm-none-eabi/lib/armv7e-m\libc.a(lib_a-mlock.o)
                0x08005e3c                __malloc_unlock
 .text._Balloc  0x08005e40       0x4c c:/program files (x86)/gnu tools arm embedded/4.9 2015q3/bin/../lib/gcc/arm-none-eabi/4.9.3/../../../../arm-none-eabi/lib/armv7e-m\libc.a(lib_a-mprec.o)
                0x08005e40                _Balloc
 .text._Bfree   0x08005e8c       0x14 c:/program files (x86)/gnu tools arm embedded/4.9 2015q3/bin/../lib/gcc/arm-none-eabi/4.9.3/../../../../arm-none-eabi/lib/armv7e-m\libc.a(lib_a-mprec.o)
                0x08005e8c                _Bfree
 .text.__multadd
                0x08005ea0       0x84 c:/program files (x86)/gnu tools arm embedded/4.9 2015q3/bin/../lib/gcc/arm-none-eabi/4.9.3/../../../../arm-none-eabi/lib/armv7e-m\libc.a(lib_a-mprec.o)
                0x08005ea0                __multadd
 .text.__hi0bits
                0x08005f24       0x40 c:/program files (x86)/gnu tools arm embedded/4.9 2015q3/bin/../lib/gcc/arm-none-eabi/4.9.3/../../../../arm-none-eabi/lib/armv7e-m\libc.a(lib_a-mprec.o)
                0x08005f24                __hi0bits
 .text.__lo0bits
                0x08005f64       0x5c c:/program files (x86)/gnu tools arm embedded/4.9 2015q3/bin/../lib/gcc/arm-none-eabi/4.9.3/../../../../arm-none-eabi/lib/armv7e-m\libc.a(lib_a-mprec.o)
                0x08005f64                __lo0bits
 .text.__i2b    0x08005fc0       0x14 c:/program files (x86)/gnu tools arm embedded/4.9 2015q3/bin/../lib/gcc/arm-none-eabi/4.9.3/../../../../arm-none-eabi/lib/armv7e-m\libc.a(lib_a-mprec.o)
                0x08005fc0                __i2b
 .text.__multiply
                0x08005fd4      0x134 c:/program files (x86)/gnu tools arm embedded/4.9 2015q3/bin/../lib/gcc/arm-none-eabi/4.9.3/../../../../arm-none-eabi/lib/armv7e-m\libc.a(lib_a-mprec.o)
                0x08005fd4                __multiply
 .text.__pow5mult
                0x08006108       0xa0 c:/program files (x86)/gnu tools arm embedded/4.9 2015q3/bin/../lib/gcc/arm-none-eabi/4.9.3/../../../../arm-none-eabi/lib/armv7e-m\libc.a(lib_a-mprec.o)
                0x08006108                __pow5mult
 .text.__lshift
                0x080061a8       0xac c:/program files (x86)/gnu tools arm embedded/4.9 2015q3/bin/../lib/gcc/arm-none-eabi/4.9.3/../../../../arm-none-eabi/lib/armv7e-m\libc.a(lib_a-mprec.o)
                0x080061a8                __lshift
 .text.__mcmp   0x08006254       0x48 c:/program files (x86)/gnu tools arm embedded/4.9 2015q3/bin/../lib/gcc/arm-none-eabi/4.9.3/../../../../arm-none-eabi/lib/armv7e-m\libc.a(lib_a-mprec.o)
                0x08006254                __mcmp
 .text.__mdiff  0x0800629c       0xd4 c:/program files (x86)/gnu tools arm embedded/4.9 2015q3/bin/../lib/gcc/arm-none-eabi/4.9.3/../../../../arm-none-eabi/lib/armv7e-m\libc.a(lib_a-mprec.o)
                0x0800629c                __mdiff
 .text.__d2b    0x08006370       0xb8 c:/program files (x86)/gnu tools arm embedded/4.9 2015q3/bin/../lib/gcc/arm-none-eabi/4.9.3/../../../../arm-none-eabi/lib/armv7e-m\libc.a(lib_a-mprec.o)
                0x08006370                __d2b
 .text.__fpclassifyd
                0x08006428       0x58 c:/program files (x86)/gnu tools arm embedded/4.9 2015q3/bin/../lib/gcc/arm-none-eabi/4.9.3/../../../../arm-none-eabi/lib/armv7e-m\libc.a(lib_a-s_fpclassify.o)
                0x08006428                __fpclassifyd
 .text._sbrk_r  0x08006480       0x24 c:/program files (x86)/gnu tools arm embedded/4.9 2015q3/bin/../lib/gcc/arm-none-eabi/4.9.3/../../../../arm-none-eabi/lib/armv7e-m\libc.a(lib_a-sbrkr.o)
                0x08006480                _sbrk_r
 .text.__ssprint_r
                0x080064a4      0x104 c:/program files (x86)/gnu tools arm embedded/4.9 2015q3/bin/../lib/gcc/arm-none-eabi/4.9.3/../../../../arm-none-eabi/lib/armv7e-m\libc.a(lib_a-svfiprintf.o)
                0x080064a4                __ssprint_r
 .text._calloc_r
                0x080065a8       0x60 c:/program files (x86)/gnu tools arm embedded/4.9 2015q3/bin/../lib/gcc/arm-none-eabi/4.9.3/../../../../arm-none-eabi/lib/armv7e-m\libc.a(lib_a-callocr.o)
                0x080065a8                _calloc_r
 .text._malloc_trim_r
                0x08006608       0x9c c:/program files (x86)/gnu tools arm embedded/4.9 2015q3/bin/../lib/gcc/arm-none-eabi/4.9.3/../../../../arm-none-eabi/lib/armv7e-m\libc.a(lib_a-freer.o)
                0x08006608                _malloc_trim_r
 .text._free_r  0x080066a4      0x1b0 c:/program files (x86)/gnu tools arm embedded/4.9 2015q3/bin/../lib/gcc/arm-none-eabi/4.9.3/../../../../arm-none-eabi/lib/armv7e-m\libc.a(lib_a-freer.o)
                0x080066a4                _free_r
 .text.memmove  0x08006854       0xc8 c:/program files (x86)/gnu tools arm embedded/4.9 2015q3/bin/../lib/gcc/arm-none-eabi/4.9.3/../../../../arm-none-eabi/lib/armv7e-m\libc.a(lib_a-memmove.o)
                0x08006854                memmove
 .text.memset   0x0800691c       0x9c c:/program files (x86)/gnu tools arm embedded/4.9 2015q3/bin/../lib/gcc/arm-none-eabi/4.9.3/../../../../arm-none-eabi/lib/armv7e-m\libc.a(lib_a-memset.o)
                0x0800691c                memset
 .text._realloc_r
                0x080069b8      0x3ec c:/program files (x86)/gnu tools arm embedded/4.9 2015q3/bin/../lib/gcc/arm-none-eabi/4.9.3/../../../../arm-none-eabi/lib/armv7e-m\libc.a(lib_a-reallocr.o)
                0x080069b8                _realloc_r
 .text          0x08006da4      0x370 c:/program files (x86)/gnu tools arm embedded/4.9 2015q3/bin/../lib/gcc/arm-none-eabi/4.9.3/armv7e-m\libgcc.a(_arm_addsubdf3.o)
                0x08006da4                __aeabi_drsub
                0x08006dac                __aeabi_dsub
                0x08006dac                __subdf3
                0x08006db0                __aeabi_dadd
                0x08006db0                __adddf3
                0x08007028                __floatunsidf
                0x08007028                __aeabi_ui2d
                0x08007048                __floatsidf
                0x08007048                __aeabi_i2d
                0x0800706c                __aeabi_f2d
                0x0800706c                __extendsfdf2
                0x080070a8                __floatundidf
                0x080070a8                __aeabi_ul2d
                0x080070b8                __floatdidf
                0x080070b8                __aeabi_l2d
 .text          0x08007114      0x424 c:/program files (x86)/gnu tools arm embedded/4.9 2015q3/bin/../lib/gcc/arm-none-eabi/4.9.3/armv7e-m\libgcc.a(_arm_muldivdf3.o)
                0x08007114                __aeabi_dmul
                0x08007114                __muldf3
                0x08007368                __divdf3
                0x08007368                __aeabi_ddiv
 .text          0x08007538      0x110 c:/program files (x86)/gnu tools arm embedded/4.9 2015q3/bin/../lib/gcc/arm-none-eabi/4.9.3/armv7e-m\libgcc.a(_arm_cmpdf2.o)
                0x08007538                __gtdf2
                0x08007538                __gedf2
                0x08007540                __ltdf2
                0x08007540                __ledf2
                0x08007548                __nedf2
                0x08007548                __eqdf2
                0x08007548                __cmpdf2
                0x080075c4                __aeabi_cdrcmple
                0x080075d4                __aeabi_cdcmpeq
                0x080075d4                __aeabi_cdcmple
                0x080075e4                __aeabi_dcmpeq
                0x080075f8                __aeabi_dcmplt
                0x0800760c                __aeabi_dcmple
                0x08007620                __aeabi_dcmpge
                0x08007634                __aeabi_dcmpgt
 .text          0x08007648       0x50 c:/program files (x86)/gnu tools arm embedded/4.9 2015q3/bin/../lib/gcc/arm-none-eabi/4.9.3/armv7e-m\libgcc.a(_arm_fixdfsi.o)
                0x08007648                __aeabi_d2iz
                0x08007648                __fixdfsi
 .text          0x08007698       0x30 c:/program files (x86)/gnu tools arm embedded/4.9 2015q3/bin/../lib/gcc/arm-none-eabi/4.9.3/armv7e-m\libgcc.a(_aeabi_uldivmod.o)
                0x08007698                __aeabi_uldivmod
 .text          0x080076c8       0x60 c:/program files (x86)/gnu tools arm embedded/4.9 2015q3/bin/../lib/gcc/arm-none-eabi/4.9.3/armv7e-m\libgcc.a(bpabi.o)
                0x080076c8                __gnu_ldivmod_helper
                0x080076f8                __gnu_uldivmod_helper
 .text          0x08007728        0x4 c:/program files (x86)/gnu tools arm embedded/4.9 2015q3/bin/../lib/gcc/arm-none-eabi/4.9.3/armv7e-m\libgcc.a(_dvmd_tls.o)
                0x08007728                __aeabi_idiv0
                0x08007728                __aeabi_ldiv0
 .text          0x0800772c      0x29c c:/program files (x86)/gnu tools arm embedded/4.9 2015q3/bin/../lib/gcc/arm-none-eabi/4.9.3/armv7e-m\libgcc.a(_divdi3.o)
                0x0800772c                __divdi3
 .text          0x080079c8      0x26c c:/program files (x86)/gnu tools arm embedded/4.9 2015q3/bin/../lib/gcc/arm-none-eabi/4.9.3/armv7e-m\libgcc.a(_udivdi3.o)
                0x080079c8                __udivdi3
 *(.init)
 *(.fini)
 *crtbegin.o(.ctors)
 *crtbegin?.o(.ctors)
 *(EXCLUDE_FILE(*crtend.o *crtend?.o) .ctors)
 *(SORT(.ctors.*))
 *(.ctors)
 *crtbegin.o(.dtors)
 *crtbegin?.o(.dtors)
 *(EXCLUDE_FILE(*crtend.o *crtend?.o) .dtors)
 *(SORT(.dtors.*))
 *(.dtors)
 *(.rodata*)
 .rodata        0x08007c34       0x20 ..\obj\CAPA_ENLACE.o
 .rodata.zeroes.6911
                0x08007c54       0x10 c:/program files (x86)/gnu tools arm embedded/4.9 2015q3/bin/../lib/gcc/arm-none-eabi/4.9.3/../../../../arm-none-eabi/lib/armv7e-m\libc.a(lib_a-svfprintf.o)
 .rodata.blanks.6910
                0x08007c64       0x10 c:/program files (x86)/gnu tools arm embedded/4.9 2015q3/bin/../lib/gcc/arm-none-eabi/4.9.3/../../../../arm-none-eabi/lib/armv7e-m\libc.a(lib_a-svfprintf.o)
 .rodata.str1.4
                0x08007c74       0x42 c:/program files (x86)/gnu tools arm embedded/4.9 2015q3/bin/../lib/gcc/arm-none-eabi/4.9.3/../../../../arm-none-eabi/lib/armv7e-m\libc.a(lib_a-svfprintf.o)
 *fill*         0x08007cb6        0x2 
 .rodata.str1.4
                0x08007cb8       0x10 c:/program files (x86)/gnu tools arm embedded/4.9 2015q3/bin/../lib/gcc/arm-none-eabi/4.9.3/../../../../arm-none-eabi/lib/armv7e-m\libc.a(lib_a-dtoa.o)
                                 0x12 (size before relaxing)
 .rodata.str1.4
                0x08007cc8        0x2 c:/program files (x86)/gnu tools arm embedded/4.9 2015q3/bin/../lib/gcc/arm-none-eabi/4.9.3/../../../../arm-none-eabi/lib/armv7e-m\libc.a(lib_a-impure.o)
 *fill*         0x08007cca        0x2 
 .rodata.str1.4
                0x08007ccc        0xc c:/program files (x86)/gnu tools arm embedded/4.9 2015q3/bin/../lib/gcc/arm-none-eabi/4.9.3/../../../../arm-none-eabi/lib/armv7e-m\libc.a(lib_a-locale.o)
                                 0x12 (size before relaxing)
 .rodata.__mprec_tens
                0x08007cd8       0xc8 c:/program files (x86)/gnu tools arm embedded/4.9 2015q3/bin/../lib/gcc/arm-none-eabi/4.9.3/../../../../arm-none-eabi/lib/armv7e-m\libc.a(lib_a-mprec.o)
                0x08007cd8                __mprec_tens
 .rodata.p05.5302
                0x08007da0        0xc c:/program files (x86)/gnu tools arm embedded/4.9 2015q3/bin/../lib/gcc/arm-none-eabi/4.9.3/../../../../arm-none-eabi/lib/armv7e-m\libc.a(lib_a-mprec.o)
 *fill*         0x08007dac        0x4 
 .rodata.__mprec_bigtens
                0x08007db0       0x28 c:/program files (x86)/gnu tools arm embedded/4.9 2015q3/bin/../lib/gcc/arm-none-eabi/4.9.3/../../../../arm-none-eabi/lib/armv7e-m\libc.a(lib_a-mprec.o)
                0x08007db0                __mprec_bigtens
 *(.eh_fram e*)

.glue_7         0x08007dd8        0x0
 .glue_7        0x00000000        0x0 linker stubs

.glue_7t        0x08007dd8        0x0
 .glue_7t       0x00000000        0x0 linker stubs

.vfp11_veneer   0x08007dd8        0x0
 .vfp11_veneer  0x00000000        0x0 linker stubs

.v4_bx          0x08007dd8        0x0
 .v4_bx         0x00000000        0x0 linker stubs

.iplt           0x08007dd8        0x0
 .iplt          0x00000000        0x0 ..\obj\stm32f4xx_syscfg.o

.ARM.extab
 *(.ARM.extab* .gnu.linkonce.armextab.*)
                0x08007dd8                __exidx_start = .

.ARM.exidx      0x08007dd8        0x8
 *(.ARM.exidx* .gnu.linkonce.armexidx.*)
 .ARM.exidx     0x08007dd8        0x8 c:/program files (x86)/gnu tools arm embedded/4.9 2015q3/bin/../lib/gcc/arm-none-eabi/4.9.3/armv7e-m\libgcc.a(_divdi3.o)
 .ARM.exidx     0x08007de0        0x0 c:/program files (x86)/gnu tools arm embedded/4.9 2015q3/bin/../lib/gcc/arm-none-eabi/4.9.3/armv7e-m\libgcc.a(_udivdi3.o)
                                  0x8 (size before relaxing)
                0x08007de0                __exidx_end = .
                0x08007de0                __etext = .
                0x08007de0                _sidata = __etext

.rel.dyn        0x08007de0        0x0
 .rel.iplt      0x00000000        0x0 ..\obj\stm32f4xx_syscfg.o

.data           0x20000000      0x89c load address 0x08007de0
                0x20000000                __data_start__ = .
                0x20000000                _sdata = __data_start__
 *(vtable)
 *(.data*)
 .data          0x20000000       0x10 ..\obj\stm32f4xx_rcc.o
 .data          0x20000010       0x14 ..\obj\system_stm32f4xx.o
                0x20000010                SystemCoreClock
                0x20000014                AHBPrescTable
 *fill*         0x20000024        0x4 
 .data.impure_data
                0x20000028      0x428 c:/program files (x86)/gnu tools arm embedded/4.9 2015q3/bin/../lib/gcc/arm-none-eabi/4.9.3/../../../../arm-none-eabi/lib/armv7e-m\libc.a(lib_a-impure.o)
 .data._impure_ptr
                0x20000450        0x4 c:/program files (x86)/gnu tools arm embedded/4.9 2015q3/bin/../lib/gcc/arm-none-eabi/4.9.3/../../../../arm-none-eabi/lib/armv7e-m\libc.a(lib_a-impure.o)
                0x20000450                _impure_ptr
 .data.lconv    0x20000454       0x38 c:/program files (x86)/gnu tools arm embedded/4.9 2015q3/bin/../lib/gcc/arm-none-eabi/4.9.3/../../../../arm-none-eabi/lib/armv7e-m\libc.a(lib_a-locale.o)
 .data.__malloc_av_
                0x2000048c      0x408 c:/program files (x86)/gnu tools arm embedded/4.9 2015q3/bin/../lib/gcc/arm-none-eabi/4.9.3/../../../../arm-none-eabi/lib/armv7e-m\libc.a(lib_a-mallocr.o)
                0x2000048c                __malloc_av_
 .data.__malloc_trim_threshold
                0x20000894        0x4 c:/program files (x86)/gnu tools arm embedded/4.9 2015q3/bin/../lib/gcc/arm-none-eabi/4.9.3/../../../../arm-none-eabi/lib/armv7e-m\libc.a(lib_a-mallocr.o)
                0x20000894                __malloc_trim_threshold
 .data.__malloc_sbrk_base
                0x20000898        0x4 c:/program files (x86)/gnu tools arm embedded/4.9 2015q3/bin/../lib/gcc/arm-none-eabi/4.9.3/../../../../arm-none-eabi/lib/armv7e-m\libc.a(lib_a-mallocr.o)
                0x20000898                __malloc_sbrk_base
                0x2000089c                . = ALIGN (0x4)
                0x2000089c                PROVIDE (__preinit_array_start, .)
 *(.preinit_array)
                0x2000089c                PROVIDE (__preinit_array_end, .)
                0x2000089c                . = ALIGN (0x4)
                0x2000089c                PROVIDE (__init_array_start, .)
 *(SORT(.init_array.*))
 *(.init_array)
                0x2000089c                PROVIDE (__init_array_end, .)
                0x2000089c                . = ALIGN (0x4)
                0x2000089c                PROVIDE (__fini_array_start, .)
 *(SORT(.fini_array.*))
 *(.fini_array)
                0x2000089c                PROVIDE (__fini_array_end, .)
 *(.jcr*)
                0x2000089c                . = ALIGN (0x4)
                0x2000089c                __data_end__ = .
                0x2000089c                _edata = __data_end__

.igot.plt       0x2000089c        0x0 load address 0x0800867c
 .igot.plt      0x00000000        0x0 ..\obj\stm32f4xx_syscfg.o

.bss            0x2000089c      0x46c load address 0x0800867c
                0x2000089c                . = ALIGN (0x4)
                0x2000089c                __bss_start__ = .
                0x2000089c                _sbss = __bss_start__
 *(.bss*)
 .bss           0x2000089c        0x4 ..\obj\syscalls.o
 .bss.__malloc_max_total_mem
                0x200008a0        0x4 c:/program files (x86)/gnu tools arm embedded/4.9 2015q3/bin/../lib/gcc/arm-none-eabi/4.9.3/../../../../arm-none-eabi/lib/armv7e-m\libc.a(lib_a-mallocr.o)
                0x200008a0                __malloc_max_total_mem
 .bss.__malloc_max_sbrked_mem
                0x200008a4        0x4 c:/program files (x86)/gnu tools arm embedded/4.9 2015q3/bin/../lib/gcc/arm-none-eabi/4.9.3/../../../../arm-none-eabi/lib/armv7e-m\libc.a(lib_a-mallocr.o)
                0x200008a4                __malloc_max_sbrked_mem
 .bss.__malloc_top_pad
                0x200008a8        0x4 c:/program files (x86)/gnu tools arm embedded/4.9 2015q3/bin/../lib/gcc/arm-none-eabi/4.9.3/../../../../arm-none-eabi/lib/armv7e-m\libc.a(lib_a-mallocr.o)
                0x200008a8                __malloc_top_pad
 .bss.__malloc_current_mallinfo
                0x200008ac       0x28 c:/program files (x86)/gnu tools arm embedded/4.9 2015q3/bin/../lib/gcc/arm-none-eabi/4.9.3/../../../../arm-none-eabi/lib/armv7e-m\libc.a(lib_a-mallocr.o)
                0x200008ac                __malloc_current_mallinfo
 *(COMMON)
 COMMON         0x200008d4      0x188 ..\obj\CAPA_ENLACE.o
                0x200008d4                IDRP
                0x200008d5                fin_bloque_OUT
                0x200008d6                timeout_PC
                0x200008d8                buffer_OUT
                0x200008dc                ODRP
                0x200008dd                EIP
                0x200008de                modo_service
                0x200008df                fin_bloque_IN
                0x200008e0                buffer_IN
                0x200009e0                mensajeRXListo
                0x200009e1                total_IN
                0x200009e4                mensaje_TX
                0x20000a48                cont_IN
                0x20000a4c                estadoIN
                0x20000a50                total_OUT
                0x20000a51                RQ
                0x20000a52                cont_OUT
                0x20000a53                llegoEstadoOUT
                0x20000a54                llegoEstadoIN
                0x20000a58                estadoOUT
 COMMON         0x20000a5c        0x1 ..\obj\temporizado.o
                0x20000a5c                timeout_FSM_500
 *fill*         0x20000a5d        0x3 
 COMMON         0x20000a60      0x201 ..\obj\app_sonar.o
                0x20000a60                mensajeICIOutput
                0x20000af8                cant_error_Transporte
                0x20000af9                error_PC
                0x20000afc                mensajePCOutput
                0x20000b44                mensajePCInput
                0x20000b84                cant_error_Enc_DHC
                0x20000b85                error_Transporte
                0x20000b88                mensajeICIInput
                0x20000c58                CANT_PALABRAS_ENTRADA
                0x20000c59                cant_error_Enc_Sonar
                0x20000c5a                error_Enc_Sonar
                0x20000c5b                cant_error_PC
                0x20000c5c                error_Timeout
                0x20000c5d                cant_error_Timeout
                0x20000c5e                CANT_PALABRAS_SALIDA
                0x20000c5f                error_Enc_DHC
                0x20000c60                timeout_Sonar
 COMMON         0x20000c61        0x1 ..\obj\FSM.o
                0x20000c61                estadoFSM
 *fill*         0x20000c62        0x2 
 COMMON         0x20000c64       0x8c ..\obj\consola_PHY.o
                0x20000c64                DMA_UART_TX_InitStructure
                0x20000ca0                DMA_UART_RX_InitStructure
                0x20000cdc                primeraTX
                0x20000ce0                USART_InitStructure
 COMMON         0x20000cf0       0x14 ..\obj\configuracion_IO.o
                0x20000cf0                GPIOConf
                0x20000cf8                NVIC_InitStructure
                0x20000cfc                EXTI_InitStructure
 COMMON         0x20000d04        0x4 c:/program files (x86)/gnu tools arm embedded/4.9 2015q3/bin/../lib/gcc/arm-none-eabi/4.9.3/../../../../arm-none-eabi/lib/armv7e-m\libc.a(lib_a-reent.o)
                0x20000d04                errno
                0x20000d08                . = ALIGN (0x4)
                0x20000d08                __bss_end__ = .
                0x20000d08                _ebss = __bss_end__

.heap           0x20000d08        0x0
                0x20000d08                __end__ = .
                0x20000d08                _end = __end__
                0x20000d08                end = __end__
 *(.heap*)
                0x20000d08                __HeapLimit = .

.co_stack       0x20000d08      0x800 load address 0x08008ae8
                0x20000d08                . = ALIGN (0x8)
 *(.co_stack .co_stack.*)
 .co_stack      0x20000d08      0x800 ..\obj\startup_stm32f4xx.o
                0x20000d08                pulStack
                0x20020000                __StackTop = (ORIGIN (ram) + 0x20000)
                0x2001f800                __StackLimit = (__StackTop - SIZEOF (.co_stack))
                0x20020000                PROVIDE (__stack, __StackTop)
                0x00000001                ASSERT ((__StackLimit >= __HeapLimit), region ram  overflowed with stack)
LOAD ..\obj\stm32f4xx_syscfg.o
LOAD ..\obj\CAPA_ENLACE.o
LOAD ..\obj\stm32f4xx_usart.o
LOAD ..\obj\tiempo.o
LOAD ..\obj\temporizado.o
LOAD ..\obj\startup_stm32f4xx.o
LOAD ..\obj\app_sonar.o
LOAD ..\obj\FSM.o
LOAD ..\obj\main.o
LOAD ..\obj\stm32f4xx_rcc.o
LOAD ..\obj\io_lib.o
LOAD ..\obj\timers_app_sonar.o
LOAD ..\obj\control_IO.o
LOAD ..\obj\timers_PC.o
LOAD ..\obj\consola_PHY.o
LOAD ..\obj\stm32f4xx_gpio.o
LOAD ..\obj\system_stm32f4xx.o
LOAD ..\obj\syscalls.o
LOAD ..\obj\stm32f4xx_dma.o
LOAD ..\obj\mensajes.o
LOAD ..\obj\consola.o
LOAD ..\obj\configuracion_IO.o
LOAD ..\obj\stm32f4xx_exti.o
LOAD ..\obj\misc.o
LOAD ..\obj\stm32f4xx_tim.o
LOAD c:/program files (x86)/gnu tools arm embedded/4.9 2015q3/bin/../lib/gcc/arm-none-eabi/4.9.3/../../../../arm-none-eabi/lib/armv7e-m\libm.a
LOAD c:/program files (x86)/gnu tools arm embedded/4.9 2015q3/bin/../lib/gcc/arm-none-eabi/4.9.3/armv7e-m\libgcc.a
LOAD c:/program files (x86)/gnu tools arm embedded/4.9 2015q3/bin/../lib/gcc/arm-none-eabi/4.9.3/../../../../arm-none-eabi/lib/armv7e-m\libc.a
START GROUP
LOAD c:/program files (x86)/gnu tools arm embedded/4.9 2015q3/bin/../lib/gcc/arm-none-eabi/4.9.3/armv7e-m\libgcc.a
LOAD c:/program files (x86)/gnu tools arm embedded/4.9 2015q3/bin/../lib/gcc/arm-none-eabi/4.9.3/../../../../arm-none-eabi/lib/armv7e-m\libg.a
LOAD c:/program files (x86)/gnu tools arm embedded/4.9 2015q3/bin/../lib/gcc/arm-none-eabi/4.9.3/../../../../arm-none-eabi/lib/armv7e-m\libc.a
END GROUP
OUTPUT(SONAR.elf elf32-littlearm)

.debug_info     0x00000000     0xa3cc
 .debug_info    0x00000000      0x26c ..\obj\stm32f4xx_syscfg.o
 .debug_info    0x0000026c      0x4e7 ..\obj\CAPA_ENLACE.o
 .debug_info    0x00000753      0x9c2 ..\obj\stm32f4xx_usart.o
 .debug_info    0x00001115      0x118 ..\obj\tiempo.o
 .debug_info    0x0000122d      0x67d ..\obj\temporizado.o
 .debug_info    0x000018aa       0xed ..\obj\startup_stm32f4xx.o
 .debug_info    0x00001997      0x5cc ..\obj\app_sonar.o
 .debug_info    0x00001f63      0x561 ..\obj\FSM.o
 .debug_info    0x000024c4      0x685 ..\obj\main.o
 .debug_info    0x00002b49      0xc4d ..\obj\stm32f4xx_rcc.o
 .debug_info    0x00003796      0x4d1 ..\obj\io_lib.o
 .debug_info    0x00003c67      0x67d ..\obj\timers_app_sonar.o
 .debug_info    0x000042e4      0x56e ..\obj\control_IO.o
 .debug_info    0x00004852      0x67d ..\obj\timers_PC.o
 .debug_info    0x00004ecf      0x971 ..\obj\consola_PHY.o
 .debug_info    0x00005840      0x602 ..\obj\stm32f4xx_gpio.o
 .debug_info    0x00005e42      0x592 ..\obj\system_stm32f4xx.o
 .debug_info    0x000063d4      0x3ee ..\obj\syscalls.o
 .debug_info    0x000067c2      0x739 ..\obj\stm32f4xx_dma.o
 .debug_info    0x00006efb      0x1c0 ..\obj\mensajes.o
 .debug_info    0x000070bb      0x3b2 ..\obj\consola.o
 .debug_info    0x0000746d      0xa7a ..\obj\configuracion_IO.o
 .debug_info    0x00007ee7      0x347 ..\obj\stm32f4xx_exti.o
 .debug_info    0x0000822e      0x53d ..\obj\misc.o
 .debug_info    0x0000876b     0x1c61 ..\obj\stm32f4xx_tim.o

.debug_abbrev   0x00000000     0x2047
 .debug_abbrev  0x00000000      0x131 ..\obj\stm32f4xx_syscfg.o
 .debug_abbrev  0x00000131      0x175 ..\obj\CAPA_ENLACE.o
 .debug_abbrev  0x000002a6      0x155 ..\obj\stm32f4xx_usart.o
 .debug_abbrev  0x000003fb       0xb3 ..\obj\tiempo.o
 .debug_abbrev  0x000004ae      0x130 ..\obj\temporizado.o
 .debug_abbrev  0x000005de       0xb0 ..\obj\startup_stm32f4xx.o
 .debug_abbrev  0x0000068e      0x15d ..\obj\app_sonar.o
 .debug_abbrev  0x000007eb      0x10f ..\obj\FSM.o
 .debug_abbrev  0x000008fa      0x163 ..\obj\main.o
 .debug_abbrev  0x00000a5d      0x1e3 ..\obj\stm32f4xx_rcc.o
 .debug_abbrev  0x00000c40      0x136 ..\obj\io_lib.o
 .debug_abbrev  0x00000d76      0x130 ..\obj\timers_app_sonar.o
 .debug_abbrev  0x00000ea6      0x1aa ..\obj\control_IO.o
 .debug_abbrev  0x00001050      0x130 ..\obj\timers_PC.o
 .debug_abbrev  0x00001180      0x1aa ..\obj\consola_PHY.o
 .debug_abbrev  0x0000132a      0x1a3 ..\obj\stm32f4xx_gpio.o
 .debug_abbrev  0x000014cd      0x136 ..\obj\system_stm32f4xx.o
 .debug_abbrev  0x00001603       0xe2 ..\obj\syscalls.o
 .debug_abbrev  0x000016e5      0x155 ..\obj\stm32f4xx_dma.o
 .debug_abbrev  0x0000183a       0xc9 ..\obj\mensajes.o
 .debug_abbrev  0x00001903      0x16e ..\obj\consola.o
 .debug_abbrev  0x00001a71      0x165 ..\obj\configuracion_IO.o
 .debug_abbrev  0x00001bd6      0x1a5 ..\obj\stm32f4xx_exti.o
 .debug_abbrev  0x00001d7b      0x145 ..\obj\misc.o
 .debug_abbrev  0x00001ec0      0x187 ..\obj\stm32f4xx_tim.o

.debug_aranges  0x00000000      0xd90
 .debug_aranges
                0x00000000       0x48 ..\obj\stm32f4xx_syscfg.o
 .debug_aranges
                0x00000048       0xa0 ..\obj\CAPA_ENLACE.o
 .debug_aranges
                0x000000e8      0x100 ..\obj\stm32f4xx_usart.o
 .debug_aranges
                0x000001e8       0x38 ..\obj\tiempo.o
 .debug_aranges
                0x00000220       0x40 ..\obj\temporizado.o
 .debug_aranges
                0x00000260       0x28 ..\obj\startup_stm32f4xx.o
 .debug_aranges
                0x00000288       0x70 ..\obj\app_sonar.o
 .debug_aranges
                0x000002f8       0x28 ..\obj\FSM.o
 .debug_aranges
                0x00000320       0x38 ..\obj\main.o
 .debug_aranges
                0x00000358      0x178 ..\obj\stm32f4xx_rcc.o
 .debug_aranges
                0x000004d0       0xd0 ..\obj\io_lib.o
 .debug_aranges
                0x000005a0       0x40 ..\obj\timers_app_sonar.o
 .debug_aranges
                0x000005e0       0x70 ..\obj\control_IO.o
 .debug_aranges
                0x00000650       0x40 ..\obj\timers_PC.o
 .debug_aranges
                0x00000690       0x68 ..\obj\consola_PHY.o
 .debug_aranges
                0x000006f8       0x88 ..\obj\stm32f4xx_gpio.o
 .debug_aranges
                0x00000780       0x30 ..\obj\system_stm32f4xx.o
 .debug_aranges
                0x000007b0       0x60 ..\obj\syscalls.o
 .debug_aranges
                0x00000810       0xb0 ..\obj\stm32f4xx_dma.o
 .debug_aranges
                0x000008c0       0x38 ..\obj\mensajes.o
 .debug_aranges
                0x000008f8       0x58 ..\obj\consola.o
 .debug_aranges
                0x00000950       0xb0 ..\obj\configuracion_IO.o
 .debug_aranges
                0x00000a00       0x58 ..\obj\stm32f4xx_exti.o
 .debug_aranges
                0x00000a58       0x40 ..\obj\misc.o
 .debug_aranges
                0x00000a98      0x2f8 ..\obj\stm32f4xx_tim.o

.debug_ranges   0x00000000      0xc00
 .debug_ranges  0x00000000       0x38 ..\obj\stm32f4xx_syscfg.o
 .debug_ranges  0x00000038       0x90 ..\obj\CAPA_ENLACE.o
 .debug_ranges  0x000000c8       0xf0 ..\obj\stm32f4xx_usart.o
 .debug_ranges  0x000001b8       0x28 ..\obj\tiempo.o
 .debug_ranges  0x000001e0       0x30 ..\obj\temporizado.o
 .debug_ranges  0x00000210       0x18 ..\obj\startup_stm32f4xx.o
 .debug_ranges  0x00000228       0x60 ..\obj\app_sonar.o
 .debug_ranges  0x00000288       0x18 ..\obj\FSM.o
 .debug_ranges  0x000002a0       0x28 ..\obj\main.o
 .debug_ranges  0x000002c8      0x168 ..\obj\stm32f4xx_rcc.o
 .debug_ranges  0x00000430       0xc0 ..\obj\io_lib.o
 .debug_ranges  0x000004f0       0x30 ..\obj\timers_app_sonar.o
 .debug_ranges  0x00000520       0x60 ..\obj\control_IO.o
 .debug_ranges  0x00000580       0x30 ..\obj\timers_PC.o
 .debug_ranges  0x000005b0       0x58 ..\obj\consola_PHY.o
 .debug_ranges  0x00000608       0x78 ..\obj\stm32f4xx_gpio.o
 .debug_ranges  0x00000680       0x20 ..\obj\system_stm32f4xx.o
 .debug_ranges  0x000006a0       0x50 ..\obj\syscalls.o
 .debug_ranges  0x000006f0       0xa0 ..\obj\stm32f4xx_dma.o
 .debug_ranges  0x00000790       0x28 ..\obj\mensajes.o
 .debug_ranges  0x000007b8       0x48 ..\obj\consola.o
 .debug_ranges  0x00000800       0xa0 ..\obj\configuracion_IO.o
 .debug_ranges  0x000008a0       0x48 ..\obj\stm32f4xx_exti.o
 .debug_ranges  0x000008e8       0x30 ..\obj\misc.o
 .debug_ranges  0x00000918      0x2e8 ..\obj\stm32f4xx_tim.o

.debug_line     0x00000000     0x55b4
 .debug_line    0x00000000      0x219 ..\obj\stm32f4xx_syscfg.o
 .debug_line    0x00000219      0x452 ..\obj\CAPA_ENLACE.o
 .debug_line    0x0000066b      0x49e ..\obj\stm32f4xx_usart.o
 .debug_line    0x00000b09      0x1c8 ..\obj\tiempo.o
 .debug_line    0x00000cd1      0x272 ..\obj\temporizado.o
 .debug_line    0x00000f43       0x9b ..\obj\startup_stm32f4xx.o
 .debug_line    0x00000fde      0x43e ..\obj\app_sonar.o
 .debug_line    0x0000141c      0x47f ..\obj\FSM.o
 .debug_line    0x0000189b      0x48d ..\obj\main.o
 .debug_line    0x00001d28      0x59d ..\obj\stm32f4xx_rcc.o
 .debug_line    0x000022c5      0x3b8 ..\obj\io_lib.o
 .debug_line    0x0000267d      0x278 ..\obj\timers_app_sonar.o
 .debug_line    0x000028f5      0x327 ..\obj\control_IO.o
 .debug_line    0x00002c1c      0x266 ..\obj\timers_PC.o
 .debug_line    0x00002e82      0x370 ..\obj\consola_PHY.o
 .debug_line    0x000031f2      0x33f ..\obj\stm32f4xx_gpio.o
 .debug_line    0x00003531      0x1f6 ..\obj\system_stm32f4xx.o
 .debug_line    0x00003727      0x16c ..\obj\syscalls.o
 .debug_line    0x00003893      0x3d8 ..\obj\stm32f4xx_dma.o
 .debug_line    0x00003c6b      0x2bc ..\obj\mensajes.o
 .debug_line    0x00003f27      0x2cf ..\obj\consola.o
 .debug_line    0x000041f6      0x476 ..\obj\configuracion_IO.o
 .debug_line    0x0000466c      0x2a1 ..\obj\stm32f4xx_exti.o
 .debug_line    0x0000490d      0x241 ..\obj\misc.o
 .debug_line    0x00004b4e      0xa66 ..\obj\stm32f4xx_tim.o

.debug_str      0x00000000     0x3d4a
 .debug_str     0x00000000      0x290 ..\obj\stm32f4xx_syscfg.o
                                0x2ee (size before relaxing)
 .debug_str     0x00000290      0x290 ..\obj\CAPA_ENLACE.o
                                0x407 (size before relaxing)
 .debug_str     0x00000520      0x4d0 ..\obj\stm32f4xx_usart.o
                                0x689 (size before relaxing)
 .debug_str     0x000009f0       0x7c ..\obj\tiempo.o
                                0x1ef (size before relaxing)
 .debug_str     0x00000a6c      0x758 ..\obj\temporizado.o
                                0x984 (size before relaxing)
 .debug_str     0x000011c4       0xaa ..\obj\startup_stm32f4xx.o
                                0x141 (size before relaxing)
 .debug_str     0x0000126e      0x2fa ..\obj\app_sonar.o
                                0x5c0 (size before relaxing)
 .debug_str     0x00001568      0x1fc ..\obj\FSM.o
                                0x676 (size before relaxing)
 .debug_str     0x00001764      0x1ce ..\obj\main.o
                                0x6e3 (size before relaxing)
 .debug_str     0x00001932      0x5dd ..\obj\stm32f4xx_rcc.o
                                0x84a (size before relaxing)
 .debug_str     0x00001f0f      0x26e ..\obj\io_lib.o
                                0x5ad (size before relaxing)
 .debug_str     0x0000217d       0xa6 ..\obj\timers_app_sonar.o
                                0x97e (size before relaxing)
 .debug_str     0x00002223      0x110 ..\obj\control_IO.o
                                0x405 (size before relaxing)
 .debug_str     0x00002333       0x8e ..\obj\timers_PC.o
                                0x960 (size before relaxing)
 .debug_str     0x000023c1      0x290 ..\obj\consola_PHY.o
                                0xc4a (size before relaxing)
 .debug_str     0x00002651      0x197 ..\obj\stm32f4xx_gpio.o
                                0x49d (size before relaxing)
 .debug_str     0x000027e8      0x112 ..\obj\system_stm32f4xx.o
                                0x3a4 (size before relaxing)
 .debug_str     0x000028fa      0x15d ..\obj\syscalls.o
                                0x2c4 (size before relaxing)
 .debug_str     0x00002a57      0x268 ..\obj\stm32f4xx_dma.o
                                0x53c (size before relaxing)
 .debug_str     0x00002cbf       0x8a ..\obj\mensajes.o
                                0x229 (size before relaxing)
 .debug_str     0x00002d49       0xbf ..\obj\consola.o
                                0x36f (size before relaxing)
 .debug_str     0x00002e08      0x31c ..\obj\configuracion_IO.o
                                0xd56 (size before relaxing)
 .debug_str     0x00003124       0xfa ..\obj\stm32f4xx_exti.o
                                0x353 (size before relaxing)
 .debug_str     0x0000321e      0x14b ..\obj\misc.o
                                0x3c8 (size before relaxing)
 .debug_str     0x00003369      0x9e1 ..\obj\stm32f4xx_tim.o
                                0xdca (size before relaxing)

.comment        0x00000000       0x70
 .comment       0x00000000       0x70 ..\obj\stm32f4xx_syscfg.o
                                 0x71 (size before relaxing)
 .comment       0x00000000       0x71 ..\obj\CAPA_ENLACE.o
 .comment       0x00000000       0x71 ..\obj\stm32f4xx_usart.o
 .comment       0x00000000       0x71 ..\obj\tiempo.o
 .comment       0x00000000       0x71 ..\obj\temporizado.o
 .comment       0x00000000       0x71 ..\obj\startup_stm32f4xx.o
 .comment       0x00000000       0x71 ..\obj\app_sonar.o
 .comment       0x00000000       0x71 ..\obj\FSM.o
 .comment       0x00000000       0x71 ..\obj\main.o
 .comment       0x00000000       0x71 ..\obj\stm32f4xx_rcc.o
 .comment       0x00000000       0x71 ..\obj\io_lib.o
 .comment       0x00000000       0x71 ..\obj\timers_app_sonar.o
 .comment       0x00000000       0x71 ..\obj\control_IO.o
 .comment       0x00000000       0x71 ..\obj\timers_PC.o
 .comment       0x00000000       0x71 ..\obj\consola_PHY.o
 .comment       0x00000000       0x71 ..\obj\stm32f4xx_gpio.o
 .comment       0x00000000       0x71 ..\obj\system_stm32f4xx.o
 .comment       0x00000000       0x71 ..\obj\syscalls.o
 .comment       0x00000000       0x71 ..\obj\stm32f4xx_dma.o
 .comment       0x00000000       0x71 ..\obj\mensajes.o
 .comment       0x00000000       0x71 ..\obj\consola.o
 .comment       0x00000000       0x71 ..\obj\configuracion_IO.o
 .comment       0x00000000       0x71 ..\obj\stm32f4xx_exti.o
 .comment       0x00000000       0x71 ..\obj\misc.o
 .comment       0x00000000       0x71 ..\obj\stm32f4xx_tim.o

.ARM.attributes
                0x00000000       0x31
 .ARM.attributes
                0x00000000       0x33 ..\obj\stm32f4xx_syscfg.o
 .ARM.attributes
                0x00000033       0x33 ..\obj\CAPA_ENLACE.o
 .ARM.attributes
                0x00000066       0x33 ..\obj\stm32f4xx_usart.o
 .ARM.attributes
                0x00000099       0x33 ..\obj\tiempo.o
 .ARM.attributes
                0x000000cc       0x33 ..\obj\temporizado.o
 .ARM.attributes
                0x000000ff       0x33 ..\obj\startup_stm32f4xx.o
 .ARM.attributes
                0x00000132       0x33 ..\obj\app_sonar.o
 .ARM.attributes
                0x00000165       0x33 ..\obj\FSM.o
 .ARM.attributes
                0x00000198       0x33 ..\obj\main.o
 .ARM.attributes
                0x000001cb       0x33 ..\obj\stm32f4xx_rcc.o
 .ARM.attributes
                0x000001fe       0x33 ..\obj\io_lib.o
 .ARM.attributes
                0x00000231       0x33 ..\obj\timers_app_sonar.o
 .ARM.attributes
                0x00000264       0x33 ..\obj\control_IO.o
 .ARM.attributes
                0x00000297       0x33 ..\obj\timers_PC.o
 .ARM.attributes
                0x000002ca       0x33 ..\obj\consola_PHY.o
 .ARM.attributes
                0x000002fd       0x33 ..\obj\stm32f4xx_gpio.o
 .ARM.attributes
                0x00000330       0x33 ..\obj\system_stm32f4xx.o
 .ARM.attributes
                0x00000363       0x33 ..\obj\syscalls.o
 .ARM.attributes
                0x00000396       0x33 ..\obj\stm32f4xx_dma.o
 .ARM.attributes
                0x000003c9       0x33 ..\obj\mensajes.o
 .ARM.attributes
                0x000003fc       0x33 ..\obj\consola.o
 .ARM.attributes
                0x0000042f       0x33 ..\obj\configuracion_IO.o
 .ARM.attributes
                0x00000462       0x33 ..\obj\stm32f4xx_exti.o
 .ARM.attributes
                0x00000495       0x33 ..\obj\misc.o
 .ARM.attributes
                0x000004c8       0x33 ..\obj\stm32f4xx_tim.o
 .ARM.attributes
                0x000004fb       0x2e c:/program files (x86)/gnu tools arm embedded/4.9 2015q3/bin/../lib/gcc/arm-none-eabi/4.9.3/../../../../arm-none-eabi/lib/armv7e-m\libc.a(lib_a-sprintf.o)
 .ARM.attributes
                0x00000529       0x2e c:/program files (x86)/gnu tools arm embedded/4.9 2015q3/bin/../lib/gcc/arm-none-eabi/4.9.3/../../../../arm-none-eabi/lib/armv7e-m\libc.a(lib_a-strlen.o)
 .ARM.attributes
                0x00000557       0x2e c:/program files (x86)/gnu tools arm embedded/4.9 2015q3/bin/../lib/gcc/arm-none-eabi/4.9.3/../../../../arm-none-eabi/lib/armv7e-m\libc.a(lib_a-svfprintf.o)
 .ARM.attributes
                0x00000585       0x2e c:/program files (x86)/gnu tools arm embedded/4.9 2015q3/bin/../lib/gcc/arm-none-eabi/4.9.3/../../../../arm-none-eabi/lib/armv7e-m\libc.a(lib_a-dtoa.o)
 .ARM.attributes
                0x000005b3       0x2e c:/program files (x86)/gnu tools arm embedded/4.9 2015q3/bin/../lib/gcc/arm-none-eabi/4.9.3/../../../../arm-none-eabi/lib/armv7e-m\libc.a(lib_a-impure.o)
 .ARM.attributes
                0x000005e1       0x2e c:/program files (x86)/gnu tools arm embedded/4.9 2015q3/bin/../lib/gcc/arm-none-eabi/4.9.3/../../../../arm-none-eabi/lib/armv7e-m\libc.a(lib_a-locale.o)
 .ARM.attributes
                0x0000060f       0x2e c:/program files (x86)/gnu tools arm embedded/4.9 2015q3/bin/../lib/gcc/arm-none-eabi/4.9.3/../../../../arm-none-eabi/lib/armv7e-m\libc.a(lib_a-mallocr.o)
 .ARM.attributes
                0x0000063d       0x2e c:/program files (x86)/gnu tools arm embedded/4.9 2015q3/bin/../lib/gcc/arm-none-eabi/4.9.3/../../../../arm-none-eabi/lib/armv7e-m\libc.a(lib_a-memchr.o)
 .ARM.attributes
                0x0000066b       0x1c c:/program files (x86)/gnu tools arm embedded/4.9 2015q3/bin/../lib/gcc/arm-none-eabi/4.9.3/../../../../arm-none-eabi/lib/armv7e-m\libc.a(lib_a-memcpy.o)
 .ARM.attributes
                0x00000687       0x2e c:/program files (x86)/gnu tools arm embedded/4.9 2015q3/bin/../lib/gcc/arm-none-eabi/4.9.3/../../../../arm-none-eabi/lib/armv7e-m\libc.a(lib_a-mlock.o)
 .ARM.attributes
                0x000006b5       0x2e c:/program files (x86)/gnu tools arm embedded/4.9 2015q3/bin/../lib/gcc/arm-none-eabi/4.9.3/../../../../arm-none-eabi/lib/armv7e-m\libc.a(lib_a-mprec.o)
 .ARM.attributes
                0x000006e3       0x2e c:/program files (x86)/gnu tools arm embedded/4.9 2015q3/bin/../lib/gcc/arm-none-eabi/4.9.3/../../../../arm-none-eabi/lib/armv7e-m\libc.a(lib_a-s_fpclassify.o)
 .ARM.attributes
                0x00000711       0x2e c:/program files (x86)/gnu tools arm embedded/4.9 2015q3/bin/../lib/gcc/arm-none-eabi/4.9.3/../../../../arm-none-eabi/lib/armv7e-m\libc.a(lib_a-sbrkr.o)
 .ARM.attributes
                0x0000073f       0x2e c:/program files (x86)/gnu tools arm embedded/4.9 2015q3/bin/../lib/gcc/arm-none-eabi/4.9.3/../../../../arm-none-eabi/lib/armv7e-m\libc.a(lib_a-svfiprintf.o)
 .ARM.attributes
                0x0000076d       0x2e c:/program files (x86)/gnu tools arm embedded/4.9 2015q3/bin/../lib/gcc/arm-none-eabi/4.9.3/../../../../arm-none-eabi/lib/armv7e-m\libc.a(lib_a-callocr.o)
 .ARM.attributes
                0x0000079b       0x2e c:/program files (x86)/gnu tools arm embedded/4.9 2015q3/bin/../lib/gcc/arm-none-eabi/4.9.3/../../../../arm-none-eabi/lib/armv7e-m\libc.a(lib_a-freer.o)
 .ARM.attributes
                0x000007c9       0x2e c:/program files (x86)/gnu tools arm embedded/4.9 2015q3/bin/../lib/gcc/arm-none-eabi/4.9.3/../../../../arm-none-eabi/lib/armv7e-m\libc.a(lib_a-memmove.o)
 .ARM.attributes
                0x000007f7       0x2e c:/program files (x86)/gnu tools arm embedded/4.9 2015q3/bin/../lib/gcc/arm-none-eabi/4.9.3/../../../../arm-none-eabi/lib/armv7e-m\libc.a(lib_a-memset.o)
 .ARM.attributes
                0x00000825       0x2e c:/program files (x86)/gnu tools arm embedded/4.9 2015q3/bin/../lib/gcc/arm-none-eabi/4.9.3/../../../../arm-none-eabi/lib/armv7e-m\libc.a(lib_a-reallocr.o)
 .ARM.attributes
                0x00000853       0x2e c:/program files (x86)/gnu tools arm embedded/4.9 2015q3/bin/../lib/gcc/arm-none-eabi/4.9.3/../../../../arm-none-eabi/lib/armv7e-m\libc.a(lib_a-reent.o)
 .ARM.attributes
                0x00000881       0x1e c:/program files (x86)/gnu tools arm embedded/4.9 2015q3/bin/../lib/gcc/arm-none-eabi/4.9.3/armv7e-m\libgcc.a(_arm_addsubdf3.o)
 .ARM.attributes
                0x0000089f       0x1e c:/program files (x86)/gnu tools arm embedded/4.9 2015q3/bin/../lib/gcc/arm-none-eabi/4.9.3/armv7e-m\libgcc.a(_arm_muldivdf3.o)
 .ARM.attributes
                0x000008bd       0x1e c:/program files (x86)/gnu tools arm embedded/4.9 2015q3/bin/../lib/gcc/arm-none-eabi/4.9.3/armv7e-m\libgcc.a(_arm_cmpdf2.o)
 .ARM.attributes
                0x000008db       0x1e c:/program files (x86)/gnu tools arm embedded/4.9 2015q3/bin/../lib/gcc/arm-none-eabi/4.9.3/armv7e-m\libgcc.a(_arm_fixdfsi.o)
 .ARM.attributes
                0x000008f9       0x1e c:/program files (x86)/gnu tools arm embedded/4.9 2015q3/bin/../lib/gcc/arm-none-eabi/4.9.3/armv7e-m\libgcc.a(_aeabi_uldivmod.o)
 .ARM.attributes
                0x00000917       0x2e c:/program files (x86)/gnu tools arm embedded/4.9 2015q3/bin/../lib/gcc/arm-none-eabi/4.9.3/armv7e-m\libgcc.a(bpabi.o)
 .ARM.attributes
                0x00000945       0x1e c:/program files (x86)/gnu tools arm embedded/4.9 2015q3/bin/../lib/gcc/arm-none-eabi/4.9.3/armv7e-m\libgcc.a(_dvmd_tls.o)
 .ARM.attributes
                0x00000963       0x2e c:/program files (x86)/gnu tools arm embedded/4.9 2015q3/bin/../lib/gcc/arm-none-eabi/4.9.3/armv7e-m\libgcc.a(_divdi3.o)
 .ARM.attributes
                0x00000991       0x2e c:/program files (x86)/gnu tools arm embedded/4.9 2015q3/bin/../lib/gcc/arm-none-eabi/4.9.3/armv7e-m\libgcc.a(_udivdi3.o)

.debug_frame    0x00000000     0x3d1c
 .debug_frame   0x00000000       0xf4 ..\obj\stm32f4xx_syscfg.o
 .debug_frame   0x000000f4      0x208 ..\obj\CAPA_ENLACE.o
 .debug_frame   0x000002fc      0x490 ..\obj\stm32f4xx_usart.o
 .debug_frame   0x0000078c       0x90 ..\obj\tiempo.o
 .debug_frame   0x0000081c       0xa4 ..\obj\temporizado.o
 .debug_frame   0x000008c0       0x4c ..\obj\startup_stm32f4xx.o
 .debug_frame   0x0000090c      0x160 ..\obj\app_sonar.o
 .debug_frame   0x00000a6c       0x54 ..\obj\FSM.o
 .debug_frame   0x00000ac0       0x88 ..\obj\main.o
 .debug_frame   0x00000b48      0x6d4 ..\obj\stm32f4xx_rcc.o
 .debug_frame   0x0000121c      0x2d4 ..\obj\io_lib.o
 .debug_frame   0x000014f0       0xa4 ..\obj\timers_app_sonar.o
 .debug_frame   0x00001594      0x16c ..\obj\control_IO.o
 .debug_frame   0x00001700       0xa4 ..\obj\timers_PC.o
 .debug_frame   0x000017a4      0x160 ..\obj\consola_PHY.o
 .debug_frame   0x00001904      0x23c ..\obj\stm32f4xx_gpio.o
 .debug_frame   0x00001b40       0x7c ..\obj\system_stm32f4xx.o
 .debug_frame   0x00001bbc      0x168 ..\obj\syscalls.o
 .debug_frame   0x00001d24      0x308 ..\obj\stm32f4xx_dma.o
 .debug_frame   0x0000202c       0xa4 ..\obj\mensajes.o
 .debug_frame   0x000020d0      0x10c ..\obj\consola.o
 .debug_frame   0x000021dc      0x22c ..\obj\configuracion_IO.o
 .debug_frame   0x00002408      0x148 ..\obj\stm32f4xx_exti.o
 .debug_frame   0x00002550       0xd8 ..\obj\misc.o
 .debug_frame   0x00002628      0xe54 ..\obj\stm32f4xx_tim.o
 .debug_frame   0x0000347c       0x84 c:/program files (x86)/gnu tools arm embedded/4.9 2015q3/bin/../lib/gcc/arm-none-eabi/4.9.3/../../../../arm-none-eabi/lib/armv7e-m\libc.a(lib_a-sprintf.o)
 .debug_frame   0x00003500       0x20 c:/program files (x86)/gnu tools arm embedded/4.9 2015q3/bin/../lib/gcc/arm-none-eabi/4.9.3/../../../../arm-none-eabi/lib/armv7e-m\libc.a(lib_a-strlen.o)
 .debug_frame   0x00003520       0x40 c:/program files (x86)/gnu tools arm embedded/4.9 2015q3/bin/../lib/gcc/arm-none-eabi/4.9.3/../../../../arm-none-eabi/lib/armv7e-m\libc.a(lib_a-svfprintf.o)
 .debug_frame   0x00003560       0x88 c:/program files (x86)/gnu tools arm embedded/4.9 2015q3/bin/../lib/gcc/arm-none-eabi/4.9.3/../../../../arm-none-eabi/lib/armv7e-m\libc.a(lib_a-dtoa.o)
 .debug_frame   0x000035e8       0x9c c:/program files (x86)/gnu tools arm embedded/4.9 2015q3/bin/../lib/gcc/arm-none-eabi/4.9.3/../../../../arm-none-eabi/lib/armv7e-m\libc.a(lib_a-locale.o)
 .debug_frame   0x00003684       0x58 c:/program files (x86)/gnu tools arm embedded/4.9 2015q3/bin/../lib/gcc/arm-none-eabi/4.9.3/../../../../arm-none-eabi/lib/armv7e-m\libc.a(lib_a-mallocr.o)
 .debug_frame   0x000036dc       0x3c c:/program files (x86)/gnu tools arm embedded/4.9 2015q3/bin/../lib/gcc/arm-none-eabi/4.9.3/../../../../arm-none-eabi/lib/armv7e-m\libc.a(lib_a-memchr.o)
 .debug_frame   0x00003718       0x30 c:/program files (x86)/gnu tools arm embedded/4.9 2015q3/bin/../lib/gcc/arm-none-eabi/4.9.3/../../../../arm-none-eabi/lib/armv7e-m\libc.a(lib_a-mlock.o)
 .debug_frame   0x00003748      0x268 c:/program files (x86)/gnu tools arm embedded/4.9 2015q3/bin/../lib/gcc/arm-none-eabi/4.9.3/../../../../arm-none-eabi/lib/armv7e-m\libc.a(lib_a-mprec.o)
 .debug_frame   0x000039b0       0x34 c:/program files (x86)/gnu tools arm embedded/4.9 2015q3/bin/../lib/gcc/arm-none-eabi/4.9.3/../../../../arm-none-eabi/lib/armv7e-m\libc.a(lib_a-s_fpclassify.o)
 .debug_frame   0x000039e4       0x2c c:/program files (x86)/gnu tools arm embedded/4.9 2015q3/bin/../lib/gcc/arm-none-eabi/4.9.3/../../../../arm-none-eabi/lib/armv7e-m\libc.a(lib_a-sbrkr.o)
 .debug_frame   0x00003a10       0x78 c:/program files (x86)/gnu tools arm embedded/4.9 2015q3/bin/../lib/gcc/arm-none-eabi/4.9.3/../../../../arm-none-eabi/lib/armv7e-m\libc.a(lib_a-svfiprintf.o)
 .debug_frame   0x00003a88       0x28 c:/program files (x86)/gnu tools arm embedded/4.9 2015q3/bin/../lib/gcc/arm-none-eabi/4.9.3/../../../../arm-none-eabi/lib/armv7e-m\libc.a(lib_a-callocr.o)
 .debug_frame   0x00003ab0       0x74 c:/program files (x86)/gnu tools arm embedded/4.9 2015q3/bin/../lib/gcc/arm-none-eabi/4.9.3/../../../../arm-none-eabi/lib/armv7e-m\libc.a(lib_a-freer.o)
 .debug_frame   0x00003b24       0x30 c:/program files (x86)/gnu tools arm embedded/4.9 2015q3/bin/../lib/gcc/arm-none-eabi/4.9.3/../../../../arm-none-eabi/lib/armv7e-m\libc.a(lib_a-memmove.o)
 .debug_frame   0x00003b54       0x34 c:/program files (x86)/gnu tools arm embedded/4.9 2015q3/bin/../lib/gcc/arm-none-eabi/4.9.3/../../../../arm-none-eabi/lib/armv7e-m\libc.a(lib_a-memset.o)
 .debug_frame   0x00003b88       0x60 c:/program files (x86)/gnu tools arm embedded/4.9 2015q3/bin/../lib/gcc/arm-none-eabi/4.9.3/../../../../arm-none-eabi/lib/armv7e-m\libc.a(lib_a-reallocr.o)
 .debug_frame   0x00003be8       0x58 c:/program files (x86)/gnu tools arm embedded/4.9 2015q3/bin/../lib/gcc/arm-none-eabi/4.9.3/../../../../arm-none-eabi/lib/armv7e-m\libc.a(lib_a-reent.o)
 .debug_frame   0x00003c40       0x28 c:/program files (x86)/gnu tools arm embedded/4.9 2015q3/bin/../lib/gcc/arm-none-eabi/4.9.3/armv7e-m\libgcc.a(_aeabi_uldivmod.o)
 .debug_frame   0x00003c68       0x50 c:/program files (x86)/gnu tools arm embedded/4.9 2015q3/bin/../lib/gcc/arm-none-eabi/4.9.3/armv7e-m\libgcc.a(bpabi.o)
 .debug_frame   0x00003cb8       0x34 c:/program files (x86)/gnu tools arm embedded/4.9 2015q3/bin/../lib/gcc/arm-none-eabi/4.9.3/armv7e-m\libgcc.a(_divdi3.o)
 .debug_frame   0x00003cec       0x30 c:/program files (x86)/gnu tools arm embedded/4.9 2015q3/bin/../lib/gcc/arm-none-eabi/4.9.3/armv7e-m\libgcc.a(_udivdi3.o)
